Archive member included to satisfy reference by file (symbol)

/usr/lib/gcc/arm-none-eabi/13.2.1/thumb/v6-m/nofp/libgcc.a(_dvmd_tls.o)
                              CMakeFiles/photoresistor.dir/home/anton/pico/pico-sdk/src/rp2_common/pico_divider/divider_hardware.S.o (__aeabi_idiv0)
/usr/lib/gcc/arm-none-eabi/13.2.1/../../../arm-none-eabi/lib/thumb/v6-m/nofp/libg.a(libc_a-strncmp.o)
                              CMakeFiles/photoresistor.dir/home/anton/pico/pico-sdk/lib/lwip/src/core/def.c.o (strncmp)
/usr/lib/gcc/arm-none-eabi/13.2.1/../../../arm-none-eabi/lib/thumb/v6-m/nofp/libg.a(libc_a-memmove.o)
                              CMakeFiles/photoresistor.dir/home/anton/pico/pico-sdk/lib/lwip/src/core/def.c.o (memmove)
/usr/lib/gcc/arm-none-eabi/13.2.1/../../../arm-none-eabi/lib/thumb/v6-m/nofp/libg.a(libc_a-calloc.o)
                              CMakeFiles/photoresistor.dir/home/anton/pico/pico-sdk/src/rp2_common/pico_malloc/malloc.c.o (calloc)
/usr/lib/gcc/arm-none-eabi/13.2.1/../../../arm-none-eabi/lib/thumb/v6-m/nofp/libg.a(libc_a-impure.o)
                              /usr/lib/gcc/arm-none-eabi/13.2.1/../../../arm-none-eabi/lib/thumb/v6-m/nofp/libg.a(libc_a-calloc.o) (_impure_ptr)
/usr/lib/gcc/arm-none-eabi/13.2.1/../../../arm-none-eabi/lib/thumb/v6-m/nofp/libg.a(libc_a-callocr.o)
                              /usr/lib/gcc/arm-none-eabi/13.2.1/../../../arm-none-eabi/lib/thumb/v6-m/nofp/libg.a(libc_a-calloc.o) (_calloc_r)
/usr/lib/gcc/arm-none-eabi/13.2.1/../../../arm-none-eabi/lib/thumb/v6-m/nofp/libg.a(libc_a-realloc.o)
                              CMakeFiles/photoresistor.dir/home/anton/pico/pico-sdk/src/rp2_common/pico_malloc/malloc.c.o (realloc)
/usr/lib/gcc/arm-none-eabi/13.2.1/../../../arm-none-eabi/lib/thumb/v6-m/nofp/libg.a(libc_a-mallocr.o)
                              /usr/lib/gcc/arm-none-eabi/13.2.1/../../../arm-none-eabi/lib/thumb/v6-m/nofp/libg.a(libc_a-callocr.o) (_malloc_r)
/usr/lib/gcc/arm-none-eabi/13.2.1/../../../arm-none-eabi/lib/thumb/v6-m/nofp/libg.a(libc_a-freer.o)
                              /usr/lib/gcc/arm-none-eabi/13.2.1/../../../arm-none-eabi/lib/thumb/v6-m/nofp/libg.a(libc_a-mallocr.o) (_free_r)
/usr/lib/gcc/arm-none-eabi/13.2.1/../../../arm-none-eabi/lib/thumb/v6-m/nofp/libg.a(libc_a-memcmp.o)
                              CMakeFiles/photoresistor.dir/home/anton/pico/pico-sdk/lib/lwip/src/netif/ethernet.c.o (memcmp)
/usr/lib/gcc/arm-none-eabi/13.2.1/../../../arm-none-eabi/lib/thumb/v6-m/nofp/libg.a(libc_a-atoi.o)
                              CMakeFiles/photoresistor.dir/home/anton/pico/pico-sdk/lib/lwip/src/core/netif.c.o (atoi)
/usr/lib/gcc/arm-none-eabi/13.2.1/../../../arm-none-eabi/lib/thumb/v6-m/nofp/libg.a(libc_a-strtol.o)
                              /usr/lib/gcc/arm-none-eabi/13.2.1/../../../arm-none-eabi/lib/thumb/v6-m/nofp/libg.a(libc_a-atoi.o) (_strtol_r)
/usr/lib/gcc/arm-none-eabi/13.2.1/../../../arm-none-eabi/lib/thumb/v6-m/nofp/libg.a(libc_a-malloc.o)
                              CMakeFiles/photoresistor.dir/home/anton/pico/pico-sdk/src/rp2_common/pico_malloc/malloc.c.o (malloc)
/usr/lib/gcc/arm-none-eabi/13.2.1/../../../arm-none-eabi/lib/thumb/v6-m/nofp/libg.a(libc_a-sysconf.o)
                              /usr/lib/gcc/arm-none-eabi/13.2.1/../../../arm-none-eabi/lib/thumb/v6-m/nofp/libg.a(libc_a-mallocr.o) (sysconf)
/usr/lib/gcc/arm-none-eabi/13.2.1/../../../arm-none-eabi/lib/thumb/v6-m/nofp/libg.a(libc_a-init.o)
                              /usr/lib/gcc/arm-none-eabi/13.2.1/../../../arm-none-eabi/lib/thumb/v6-m/nofp/crt0.o (__libc_init_array)
/usr/lib/gcc/arm-none-eabi/13.2.1/../../../arm-none-eabi/lib/thumb/v6-m/nofp/libg.a(libc_a-reallocr.o)
                              /usr/lib/gcc/arm-none-eabi/13.2.1/../../../arm-none-eabi/lib/thumb/v6-m/nofp/libg.a(libc_a-realloc.o) (_realloc_r)
/usr/lib/gcc/arm-none-eabi/13.2.1/../../../arm-none-eabi/lib/thumb/v6-m/nofp/libg.a(libc_a-mktime.o)
                              CMakeFiles/photoresistor.dir/home/anton/pico/pico-sdk/src/common/pico_util/datetime.c.o (mktime)
/usr/lib/gcc/arm-none-eabi/13.2.1/../../../arm-none-eabi/lib/thumb/v6-m/nofp/libg.a(libc_a-mlock.o)
                              /usr/lib/gcc/arm-none-eabi/13.2.1/../../../arm-none-eabi/lib/thumb/v6-m/nofp/libg.a(libc_a-mallocr.o) (__malloc_lock)
/usr/lib/gcc/arm-none-eabi/13.2.1/../../../arm-none-eabi/lib/thumb/v6-m/nofp/libg.a(libc_a-findfp.o)
                              /usr/lib/gcc/arm-none-eabi/13.2.1/../../../arm-none-eabi/lib/thumb/v6-m/nofp/libg.a(libc_a-impure.o) (__sf)
/usr/lib/gcc/arm-none-eabi/13.2.1/../../../arm-none-eabi/lib/thumb/v6-m/nofp/libg.a(libc_a-tzlock.o)
                              /usr/lib/gcc/arm-none-eabi/13.2.1/../../../arm-none-eabi/lib/thumb/v6-m/nofp/libg.a(libc_a-mktime.o) (__tz_lock)
/usr/lib/gcc/arm-none-eabi/13.2.1/../../../arm-none-eabi/lib/thumb/v6-m/nofp/libg.a(libc_a-ctype_.o)
                              CMakeFiles/photoresistor.dir/home/anton/pico/pico-sdk/lib/lwip/src/core/dns.c.o (_ctype_)
[...]
Memory Configuration

Name             Origin             Length             Attributes
FLASH            0x10000000         0x00200000         xr
RAM              0x20000000         0x00040000         xrw
SCRATCH_X        0x20040000         0x00001000         xrw
SCRATCH_Y        0x20041000         0x00001000         xrw
*default*        0x00000000         0xffffffff

Linker script and memory map

LOAD /usr/lib/gcc/arm-none-eabi/13.2.1/thumb/v6-m/nofp/crti.o
LOAD /usr/lib/gcc/arm-none-eabi/13.2.1/thumb/v6-m/nofp/crtbegin.o
LOAD /usr/lib/gcc/arm-none-eabi/13.2.1/../../../arm-none-eabi/lib/thumb/v6-m/nofp/crt0.o

.flash_begin    0x10000000        0x0
                0x10000000                        __flash_binary_start = .

.boot2          0x10000000      0x100
                0x10000000                        __boot2_start__ = .
 *(.boot2)
 .boot2         0x10000000      0x100 pico-sdk/src/rp2040/boot_stage2/CMakeFiles/bs2_default_library.dir/bs2_default_padded_checksummed.S.o
                0x10000100                        __boot2_end__ = .
                0x00000001                        ASSERT (((__boot2_end__ - __boot2_start__) == 0x100), ERROR: Pico second stage bootloader must be 256 bytes in size)

.text           0x10000100    0x16890
                0x10000100                        __logical_binary_start = .
 *(.vectors)
 .vectors       0x10000100       0xd4 CMakeFiles/photoresistor.dir/home/anton/pico/pico-sdk/src/rp2_common/pico_crt0/crt0.S.o
                0x10000100                __vectors
                0x10000100                __VECTOR_TABLE
                0x100001c0                isr_invalid
                0x100001c0                __default_isrs_start
                0x100001c2                isr_nmi
                0x100001c4                isr_hardfault
                0x100001c6                isr_svcall
                0x100001c8                isr_pendsv
                0x100001ca                isr_systick
                0x100001cc                isr_irq30
                0x100001cc                __unhandled_user_irq
                0x100001cc                isr_irq13
                0x100001cc                isr_irq27
                0x100001cc                isr_irq31
                0x100001cc                isr_irq5
                0x100001cc                isr_irq11
                0x100001cc                isr_irq23
                0x100001cc                isr_irq18
                0x100001cc                isr_irq28
                0x100001cc                isr_irq19
                0x100001cc                isr_irq0
                0x100001cc                isr_irq6
                0x100001cc                isr_irq22
                0x100001cc                isr_irq17
                0x100001cc                isr_irq14
                0x100001cc                isr_irq2
                0x100001cc                isr_irq10
                0x100001cc                isr_irq8
                0x100001cc                isr_irq24
                0x100001cc                isr_irq1
                0x100001cc                isr_irq7
                0x100001cc                isr_irq21
                0x100001cc                isr_irq20
                0x100001cc                isr_irq15
                0x100001cc                isr_irq25
                0x100001cc                isr_irq4
                0x100001cc                isr_irq16
                0x100001cc                isr_irq29
                0x100001cc                isr_irq26
                0x100001cc                __default_isrs_end
                0x100001cc                isr_irq3
                0x100001cc                isr_irq12
                0x100001cc                isr_irq9
                0x100001d2                unhandled_user_irq_num_in_r0
 *(.binary_info_header)
 .binary_info_header
                0x100001d4       0x14 CMakeFiles/photoresistor.dir/home/anton/pico/pico-sdk/src/rp2_common/pico_crt0/crt0.S.o
                0x100001e8                        __binary_info_header_end = .
 *(.embedded_block)
                0x100001e8                        __embedded_block_end = .
 *(.reset)
 .reset         0x100001e8       0x9c CMakeFiles/photoresistor.dir/home/anton/pico/pico-sdk/src/rp2_common/pico_crt0/crt0.S.o
                0x100001e8                _entry_point
 *(.init)
 .init          0x10000284        0x4 /usr/lib/gcc/arm-none-eabi/13.2.1/thumb/v6-m/nofp/crti.o
                0x10000284                _init
 *(EXCLUDE_FILE(*libm.a: *libc.a:*lib_a-mem*.o *libgcc.a:) .text*)
 .text          0x10000288       0x98 /usr/lib/gcc/arm-none-eabi/13.2.1/thumb/v6-m/nofp/crtbegin.o
 .text.tcp_client_recv
                0x10000320       0x70 CMakeFiles/photoresistor.dir/main.c.o
 .text.tcp_client_connected
                0x10000390       0xa0 CMakeFiles/photoresistor.dir/main.c.o
 .text.tcp_client_poll
                0x10000430       0xcc CMakeFiles/photoresistor.dir/main.c.o
 .text.tcp_client_connect
                0x100004fc       0x34 CMakeFiles/photoresistor.dir/main.c.o
                0x100004fc                tcp_client_connect
 .text.startup.main
                0x10000530       0xf0 CMakeFiles/photoresistor.dir/main.c.o
                0x10000530                main
 .text.lwip_timeout_reached
                0x10000620        0x8 CMakeFiles/photoresistor.dir/home/anton/pico/pico-sdk/src/rp2_common/pico_lwip/lwip_nosys.c.o
 .text.update_next_timeout
                0x10000628       0x60 CMakeFiles/photoresistor.dir/home/anton/pico/pico-sdk/src/rp2_common/pico_lwip/lwip_nosys.c.o
 .text.lwip_nosys_init
                0x10000688       0x30 CMakeFiles/photoresistor.dir/home/anton/pico/pico-sdk/src/rp2_common/pico_lwip/lwip_nosys.c.o
                0x10000688                lwip_nosys_init
 .text.lwip_nosys_deinit
                0x100006b8       0x20 CMakeFiles/photoresistor.dir/home/anton/pico/pico-sdk/src/rp2_common/pico_lwip/lwip_nosys.c.o
                0x100006b8                lwip_nosys_deinit
 .text.sys_arch_protect
                0x100006d8        0x4 CMakeFiles/photoresistor.dir/home/anton/pico/pico-sdk/src/rp2_common/pico_lwip/lwip_nosys.c.o
                0x100006d8                sys_arch_protect
 .text.sys_arch_unprotect
                0x100006dc        0x4 CMakeFiles/photoresistor.dir/home/anton/pico/pico-sdk/src/rp2_common/pico_lwip/lwip_nosys.c.o
                0x100006dc                sys_arch_unprotect
 .text.sys_now  0x100006e0       0x20 CMakeFiles/photoresistor.dir/home/anton/pico/pico-sdk/src/rp2_common/pico_lwip/lwip_nosys.c.o
                0x100006e0                sys_now
 .text.async_context_base_add_at_time_worker
                0x10000700       0x24 CMakeFiles/photoresistor.dir/home/anton/pico/pico-sdk/src/rp2_common/pico_async_context/async_context_base.c.o
                0x10000700                async_context_base_add_at_time_worker
 .text.async_context_base_remove_at_time_worker
                0x10000724       0x28 CMakeFiles/photoresistor.dir/home/anton/pico/pico-sdk/src/rp2_common/pico_async_context/async_context_base.c.o
                0x10000724                async_context_base_remove_at_time_worker
 .text.async_context_base_add_when_pending_worker
                0x1000074c       0x24 CMakeFiles/photoresistor.dir/home/anton/pico/pico-sdk/src/rp2_common/pico_async_context/async_context_base.c.o
                0x1000074c                async_context_base_add_when_pending_worker
 .text.async_context_base_remove_when_pending_worker
                0x10000770       0x28 CMakeFiles/photoresistor.dir/home/anton/pico/pico-sdk/src/rp2_common/pico_async_context/async_context_base.c.o
                0x10000770                async_context_base_remove_when_pending_worker
 .text.async_context_base_execute_once
                0x10000798      0x108 CMakeFiles/photoresistor.dir/home/anton/pico/pico-sdk/src/rp2_common/pico_async_context/async_context_base.c.o
                0x10000798                async_context_base_execute_once
 .text.rp2040_chip_version
                0x100008a0        0xc CMakeFiles/photoresistor.dir/home/anton/pico/pico-sdk/src/rp2040/pico_platform/platform.c.o
                0x100008a0                rp2040_chip_version
 .text.panic    0x100008ac       0x30 CMakeFiles/photoresistor.dir/home/anton/pico/pico-sdk/src/rp2_common/pico_platform_panic/panic.c.o
                0x100008ac                panic
 .text.splitmix64
                0x100008dc       0x58 CMakeFiles/photoresistor.dir/home/anton/pico/pico-sdk/src/rp2_common/pico_rand/rand.c.o
 .text.xoroshiro128ss
                0x10000934       0x90 CMakeFiles/photoresistor.dir/home/anton/pico/pico-sdk/src/rp2_common/pico_rand/rand.c.o
 .text.get_rand_64
                0x100009c4      0x4a4 CMakeFiles/photoresistor.dir/home/anton/pico/pico-sdk/src/rp2_common/pico_rand/rand.c.o
                0x100009c4                get_rand_64
 .text.get_rand_32
                0x10000e68        0x8 CMakeFiles/photoresistor.dir/home/anton/pico/pico-sdk/src/rp2_common/pico_rand/rand.c.o
                0x10000e68                get_rand_32
 .text.startup._retrieve_unique_id_on_boot
                0x10000e70       0x10 CMakeFiles/photoresistor.dir/home/anton/pico/pico-sdk/src/rp2_common/pico_unique_id/unique_id.c.o
 .text.pico_get_unique_board_id
                0x10000e80       0x10 CMakeFiles/photoresistor.dir/home/anton/pico/pico-sdk/src/rp2_common/pico_unique_id/unique_id.c.o
                0x10000e80                pico_get_unique_board_id
 .text.pico_get_unique_board_id_string
                0x10000e90      0x1a8 CMakeFiles/photoresistor.dir/home/anton/pico/pico-sdk/src/rp2_common/pico_unique_id/unique_id.c.o
                0x10000e90                pico_get_unique_board_id_string
 .text.flash_get_unique_id
                0x10001038       0x3c CMakeFiles/photoresistor.dir/home/anton/pico/pico-sdk/src/rp2_common/hardware_flash/flash.c.o
                0x10001038                flash_get_unique_id
 .text.hw_claim_lock
                0x10001074       0x18 CMakeFiles/photoresistor.dir/home/anton/pico/pico-sdk/src/common/hardware_claim/claim.c.o
                0x10001074                hw_claim_lock
 .text.hw_claim_unlock
                0x1000108c       0x14 CMakeFiles/photoresistor.dir/home/anton/pico/pico-sdk/src/common/hardware_claim/claim.c.o
                0x1000108c                hw_claim_unlock
 .text.hw_claim_or_assert
                0x100010a0       0x44 CMakeFiles/photoresistor.dir/home/anton/pico/pico-sdk/src/common/hardware_claim/claim.c.o
                0x100010a0                hw_claim_or_assert
 .text.hw_claim_unused_from_range
                0x100010e4       0x9c CMakeFiles/photoresistor.dir/home/anton/pico/pico-sdk/src/common/hardware_claim/claim.c.o
                0x100010e4                hw_claim_unused_from_range
 .text.hw_claim_clear
                0x10001180       0x38 CMakeFiles/photoresistor.dir/home/anton/pico/pico-sdk/src/common/hardware_claim/claim.c.o
                0x10001180                hw_claim_clear
 .text.next_striped_spin_lock_num
                0x100011b8       0x18 CMakeFiles/photoresistor.dir/home/anton/pico/pico-sdk/src/rp2_common/hardware_sync/sync.c.o
                0x100011b8                next_striped_spin_lock_num
 .text.spin_lock_claim_unused
                0x100011d0       0x24 CMakeFiles/photoresistor.dir/home/anton/pico/pico-sdk/src/rp2_common/hardware_sync/sync.c.o
                0x100011d0                spin_lock_claim_unused
 .text.spin_locks_reset
                0x100011f4       0x1c CMakeFiles/photoresistor.dir/home/anton/pico/pico-sdk/src/rp2_common/hardware_sync_spin_lock/sync_spin_lock.c.o
                0x100011f4                spin_locks_reset
 .text.rom_func_lookup
                0x10001210       0x10 CMakeFiles/photoresistor.dir/home/anton/pico/pico-sdk/src/rp2_common/pico_bootrom/bootrom.c.o
                0x10001210                rom_func_lookup
 .text.rom_data_lookup
                0x10001220       0x10 CMakeFiles/photoresistor.dir/home/anton/pico/pico-sdk/src/rp2_common/pico_bootrom/bootrom.c.o
                0x10001220                rom_data_lookup
 .text.rom_funcs_lookup
                0x10001230       0x44 CMakeFiles/photoresistor.dir/home/anton/pico/pico-sdk/src/rp2_common/pico_bootrom/bootrom.c.o
                0x10001230                rom_funcs_lookup
 .text.rom_reset_usb_boot_extra
                0x10001274       0x28 CMakeFiles/photoresistor.dir/home/anton/pico/pico-sdk/src/rp2_common/pico_bootrom/bootrom.c.o
                0x10001274                rom_reset_usb_boot_extra
 .text.sleep_until_callback
                0x1000129c       0x30 CMakeFiles/photoresistor.dir/home/anton/pico/pico-sdk/src/common/pico_time/time.c.o
 .text.alarm_pool_irq_handler
                0x100012cc      0x2fc CMakeFiles/photoresistor.dir/home/anton/pico/pico-sdk/src/common/pico_time/time.c.o
 .text.runtime_init_default_alarm_pool
                0x100015c8       0xdc CMakeFiles/photoresistor.dir/home/anton/pico/pico-sdk/src/common/pico_time/time.c.o
                0x100015c8                runtime_init_default_alarm_pool
 .text.alarm_pool_get_default
                0x100016a4        0x8 CMakeFiles/photoresistor.dir/home/anton/pico/pico-sdk/src/common/pico_time/time.c.o
                0x100016a4                alarm_pool_get_default
 .text.alarm_pool_add_alarm_at
                0x100016ac       0xd4 CMakeFiles/photoresistor.dir/home/anton/pico/pico-sdk/src/common/pico_time/time.c.o
                0x100016ac                alarm_pool_add_alarm_at
 .text.alarm_pool_add_alarm_at_force_in_context
                0x10001780       0xb0 CMakeFiles/photoresistor.dir/home/anton/pico/pico-sdk/src/common/pico_time/time.c.o
                0x10001780                alarm_pool_add_alarm_at_force_in_context
 .text.alarm_pool_cancel_alarm
                0x10001830       0x74 CMakeFiles/photoresistor.dir/home/anton/pico/pico-sdk/src/common/pico_time/time.c.o
                0x10001830                alarm_pool_cancel_alarm
 .text.alarm_pool_core_num
                0x100018a4        0x4 CMakeFiles/photoresistor.dir/home/anton/pico/pico-sdk/src/common/pico_time/time.c.o
                0x100018a4                alarm_pool_core_num
 .text.sleep_until
                0x100018a8       0xd8 CMakeFiles/photoresistor.dir/home/anton/pico/pico-sdk/src/common/pico_time/time.c.o
                0x100018a8                sleep_until
 .text.sleep_ms
                0x10001980       0x38 CMakeFiles/photoresistor.dir/home/anton/pico/pico-sdk/src/common/pico_time/time.c.o
                0x10001980                sleep_ms
 .text.best_effort_wfe_or_timeout
                0x100019b8       0xe0 CMakeFiles/photoresistor.dir/home/anton/pico/pico-sdk/src/common/pico_time/time.c.o
                0x100019b8                best_effort_wfe_or_timeout
 .text.timer_hardware_alarm_claim
                0x10001a98       0x14 CMakeFiles/photoresistor.dir/home/anton/pico/pico-sdk/src/rp2_common/hardware_timer/timer.c.o
                0x10001a98                timer_hardware_alarm_claim
 .text.timer_time_us_64
                0x10001aac       0x10 CMakeFiles/photoresistor.dir/home/anton/pico/pico-sdk/src/rp2_common/hardware_timer/timer.c.o
                0x10001aac                timer_time_us_64
 .text.time_us_64
                0x10001abc       0x14 CMakeFiles/photoresistor.dir/home/anton/pico/pico-sdk/src/rp2_common/hardware_timer/timer.c.o
                0x10001abc                time_us_64
 .text.busy_wait_until
                0x10001ad0       0x20 CMakeFiles/photoresistor.dir/home/anton/pico/pico-sdk/src/rp2_common/hardware_timer/timer.c.o
                0x10001ad0                busy_wait_until
 .text.runtime_init_per_core_irq_priorities
                0x10001af0       0x24 CMakeFiles/photoresistor.dir/home/anton/pico/pico-sdk/src/rp2_common/hardware_irq/irq.c.o
                0x10001af0                runtime_init_per_core_irq_priorities
 .text.irq_set_enabled
                0x10001b14       0x24 CMakeFiles/photoresistor.dir/home/anton/pico/pico-sdk/src/rp2_common/hardware_irq/irq.c.o
                0x10001b14                irq_set_enabled
 .text.irq_is_enabled
                0x10001b38       0x18 CMakeFiles/photoresistor.dir/home/anton/pico/pico-sdk/src/rp2_common/hardware_irq/irq.c.o
                0x10001b38                irq_is_enabled
 .text.irq_set_pending
                0x10001b50       0x10 CMakeFiles/photoresistor.dir/home/anton/pico/pico-sdk/src/rp2_common/hardware_irq/irq.c.o
                0x10001b50                irq_set_pending
 .text.irq_has_shared_handler
                0x10001b60       0x2c CMakeFiles/photoresistor.dir/home/anton/pico/pico-sdk/src/rp2_common/hardware_irq/irq.c.o
                0x10001b60                irq_has_shared_handler
 .text.irq_set_exclusive_handler
                0x10001b8c       0x54 CMakeFiles/photoresistor.dir/home/anton/pico/pico-sdk/src/rp2_common/hardware_irq/irq.c.o
                0x10001b8c                irq_set_exclusive_handler
 .text.irq_add_shared_handler
                0x10001be0      0x1f4 CMakeFiles/photoresistor.dir/home/anton/pico/pico-sdk/src/rp2_common/hardware_irq/irq.c.o
                0x10001be0                irq_add_shared_handler
 .text.irq_remove_handler
                0x10001dd4      0x1d4 CMakeFiles/photoresistor.dir/home/anton/pico/pico-sdk/src/rp2_common/hardware_irq/irq.c.o
                0x10001dd4                irq_remove_handler
 .text.irq_set_priority
                0x10001fa8       0x28 CMakeFiles/photoresistor.dir/home/anton/pico/pico-sdk/src/rp2_common/hardware_irq/irq.c.o
                0x10001fa8                irq_set_priority
 .text.irq_add_tail_to_free_list
                0x10001fd0       0xb4 CMakeFiles/photoresistor.dir/home/anton/pico/pico-sdk/src/rp2_common/hardware_irq/irq.c.o
                0x10001fd0                irq_add_tail_to_free_list
 .text.user_irq_unclaim
                0x10002084       0x14 CMakeFiles/photoresistor.dir/home/anton/pico/pico-sdk/src/rp2_common/hardware_irq/irq.c.o
                0x10002084                user_irq_unclaim
 .text.user_irq_claim_unused
                0x10002098       0x2c CMakeFiles/photoresistor.dir/home/anton/pico/pico-sdk/src/rp2_common/hardware_irq/irq.c.o
                0x10002098                user_irq_claim_unused
 .text.sem_init
                0x100020c4       0x20 CMakeFiles/photoresistor.dir/home/anton/pico/pico-sdk/src/common/pico_sync/sem.c.o
                0x100020c4                sem_init
 .text.lock_init
                0x100020e4       0x10 CMakeFiles/photoresistor.dir/home/anton/pico/pico-sdk/src/common/pico_sync/lock_core.c.o
                0x100020e4                lock_init
 .text.runtime_init_mutex
                0x100020f4       0x50 CMakeFiles/photoresistor.dir/home/anton/pico/pico-sdk/src/common/pico_sync/mutex.c.o
                0x100020f4                runtime_init_mutex
 .text.mutex_init
                0x10002144       0x1c CMakeFiles/photoresistor.dir/home/anton/pico/pico-sdk/src/common/pico_sync/mutex.c.o
                0x10002144                mutex_init
 .text.recursive_mutex_init
                0x10002160       0x1c CMakeFiles/photoresistor.dir/home/anton/pico/pico-sdk/src/common/pico_sync/mutex.c.o
                0x10002160                recursive_mutex_init
 .text.critical_section_init
                0x1000217c       0x1c CMakeFiles/photoresistor.dir/home/anton/pico/pico-sdk/src/common/pico_sync/critical_section.c.o
                0x1000217c                critical_section_init
 .text.critical_section_init_with_lock_num
                0x10002198       0x14 CMakeFiles/photoresistor.dir/home/anton/pico/pico-sdk/src/common/pico_sync/critical_section.c.o
                0x10002198                critical_section_init_with_lock_num
 .text.clock_configure_int_divider
                0x100021ac       0xf4 CMakeFiles/photoresistor.dir/home/anton/pico/pico-sdk/src/rp2_common/hardware_clocks/clocks.c.o
                0x100021ac                clock_configure_int_divider
 .text.clock_configure_undivided
                0x100022a0       0xe8 CMakeFiles/photoresistor.dir/home/anton/pico/pico-sdk/src/rp2_common/hardware_clocks/clocks.c.o
                0x100022a0                clock_configure_undivided
 .text.clock_get_hz
                0x10002388        0xc CMakeFiles/photoresistor.dir/home/anton/pico/pico-sdk/src/rp2_common/hardware_clocks/clocks.c.o
                0x10002388                clock_get_hz
 .text.gpio_set_function
                0x10002394       0x34 CMakeFiles/photoresistor.dir/home/anton/pico/pico-sdk/src/rp2_common/hardware_gpio/gpio.c.o
                0x10002394                gpio_set_function
 .text.gpio_set_pulls
                0x100023c8       0x28 CMakeFiles/photoresistor.dir/home/anton/pico/pico-sdk/src/rp2_common/hardware_gpio/gpio.c.o
                0x100023c8                gpio_set_pulls
 .text.gpio_set_input_hysteresis_enabled
                0x100023f0       0x28 CMakeFiles/photoresistor.dir/home/anton/pico/pico-sdk/src/rp2_common/hardware_gpio/gpio.c.o
                0x100023f0                gpio_set_input_hysteresis_enabled
 .text.gpio_set_irq_enabled
                0x10002418       0x58 CMakeFiles/photoresistor.dir/home/anton/pico/pico-sdk/src/rp2_common/hardware_gpio/gpio.c.o
                0x10002418                gpio_set_irq_enabled
 .text.gpio_add_raw_irq_handler_with_order_priority_masked
                0x10002470       0x44 CMakeFiles/photoresistor.dir/home/anton/pico/pico-sdk/src/rp2_common/hardware_gpio/gpio.c.o
                0x10002470                gpio_add_raw_irq_handler_with_order_priority_masked
 .text.gpio_remove_raw_irq_handler_masked
                0x100024b4       0x20 CMakeFiles/photoresistor.dir/home/anton/pico/pico-sdk/src/rp2_common/hardware_gpio/gpio.c.o
                0x100024b4                gpio_remove_raw_irq_handler_masked
 .text.gpio_set_input_enabled
                0x100024d4       0x28 CMakeFiles/photoresistor.dir/home/anton/pico/pico-sdk/src/rp2_common/hardware_gpio/gpio.c.o
                0x100024d4                gpio_set_input_enabled
 .text.gpio_init
                0x100024fc       0x40 CMakeFiles/photoresistor.dir/home/anton/pico/pico-sdk/src/rp2_common/hardware_gpio/gpio.c.o
                0x100024fc                gpio_init
 .text.pll_init
                0x1000253c       0xa4 CMakeFiles/photoresistor.dir/home/anton/pico/pico-sdk/src/rp2_common/hardware_pll/pll.c.o
                0x1000253c                pll_init
 .text.watchdog_reboot
                0x100025e0       0x9c CMakeFiles/photoresistor.dir/home/anton/pico/pico-sdk/src/rp2_common/hardware_watchdog/watchdog.c.o
                0x100025e0                watchdog_reboot
 .text.tick_start
                0x1000267c       0x10 CMakeFiles/photoresistor.dir/home/anton/pico/pico-sdk/src/rp2_common/hardware_ticks/ticks.c.o
                0x1000267c                tick_start
 .text.xosc_init
                0x1000268c       0x28 CMakeFiles/photoresistor.dir/home/anton/pico/pico-sdk/src/rp2_common/hardware_xosc/xosc.c.o
                0x1000268c                xosc_init
 .text.lwip_init
                0x100026b4       0x24 CMakeFiles/photoresistor.dir/home/anton/pico/pico-sdk/lib/lwip/src/core/init.c.o
                0x100026b4                lwip_init
 .text.lwip_htons
                0x100026d8        0x8 CMakeFiles/photoresistor.dir/home/anton/pico/pico-sdk/lib/lwip/src/core/def.c.o
                0x100026d8                lwip_htons
 .text.lwip_htonl
                0x100026e0        0x4 CMakeFiles/photoresistor.dir/home/anton/pico/pico-sdk/lib/lwip/src/core/def.c.o
                0x100026e0                lwip_htonl
 .text.dns_call_found
                0x100026e4      0x184 CMakeFiles/photoresistor.dir/home/anton/pico/pico-sdk/lib/lwip/src/core/dns.c.o
 .text.dns_send.isra.0
                0x10002868      0x174 CMakeFiles/photoresistor.dir/home/anton/pico/pico-sdk/lib/lwip/src/core/dns.c.o
 .text.dns_init
                0x100029dc        0x4 CMakeFiles/photoresistor.dir/home/anton/pico/pico-sdk/lib/lwip/src/core/dns.c.o
                0x100029dc                dns_init
 .text.dns_setserver
                0x100029e0       0x24 CMakeFiles/photoresistor.dir/home/anton/pico/pico-sdk/lib/lwip/src/core/dns.c.o
                0x100029e0                dns_setserver
 .text.dns_tmr  0x10002a04      0x140 CMakeFiles/photoresistor.dir/home/anton/pico/pico-sdk/lib/lwip/src/core/dns.c.o
                0x10002a04                dns_tmr
 .text.lwip_standard_chksum
                0x10002b44       0xdc CMakeFiles/photoresistor.dir/home/anton/pico/pico-sdk/lib/lwip/src/core/inet_chksum.c.o
                0x10002b44                lwip_standard_chksum
 .text.inet_chksum_pseudo
                0x10002c20       0xbc CMakeFiles/photoresistor.dir/home/anton/pico/pico-sdk/lib/lwip/src/core/inet_chksum.c.o
                0x10002c20                inet_chksum_pseudo
 .text.ip_chksum_pseudo
                0x10002cdc       0x10 CMakeFiles/photoresistor.dir/home/anton/pico/pico-sdk/lib/lwip/src/core/inet_chksum.c.o
                0x10002cdc                ip_chksum_pseudo
 .text.inet_chksum
                0x10002cec        0xc CMakeFiles/photoresistor.dir/home/anton/pico/pico-sdk/lib/lwip/src/core/inet_chksum.c.o
                0x10002cec                inet_chksum
 .text.inet_chksum_pbuf
                0x10002cf8       0x78 CMakeFiles/photoresistor.dir/home/anton/pico/pico-sdk/lib/lwip/src/core/inet_chksum.c.o
                0x10002cf8                inet_chksum_pbuf
 .text.mem_init
                0x10002d70       0x3c CMakeFiles/photoresistor.dir/home/anton/pico/pico-sdk/lib/lwip/src/core/mem.c.o
                0x10002d70                mem_init
 .text.mem_free
                0x10002dac      0x130 CMakeFiles/photoresistor.dir/home/anton/pico/pico-sdk/lib/lwip/src/core/mem.c.o
                0x10002dac                mem_free
 .text.mem_trim
                0x10002edc      0x104 CMakeFiles/photoresistor.dir/home/anton/pico/pico-sdk/lib/lwip/src/core/mem.c.o
                0x10002edc                mem_trim
 .text.mem_malloc
                0x10002fe0      0x124 CMakeFiles/photoresistor.dir/home/anton/pico/pico-sdk/lib/lwip/src/core/mem.c.o
                0x10002fe0                mem_malloc
 .text.memp_init
                0x10003104       0x6c CMakeFiles/photoresistor.dir/home/anton/pico/pico-sdk/lib/lwip/src/core/memp.c.o
                0x10003104                memp_init
 .text.memp_malloc
                0x10003170       0x40 CMakeFiles/photoresistor.dir/home/anton/pico/pico-sdk/lib/lwip/src/core/memp.c.o
                0x10003170                memp_malloc
 .text.memp_free
                0x100031b0       0x38 CMakeFiles/photoresistor.dir/home/anton/pico/pico-sdk/lib/lwip/src/core/memp.c.o
                0x100031b0                memp_free
 .text.netif_null_output_ip4
                0x100031e8        0x8 CMakeFiles/photoresistor.dir/home/anton/pico/pico-sdk/lib/lwip/src/core/netif.c.o
 .text.netif_do_set_ipaddr.isra.0
                0x100031f0       0x60 CMakeFiles/photoresistor.dir/home/anton/pico/pico-sdk/lib/lwip/src/core/netif.c.o
 .text.netif_init
                0x10003250        0x4 CMakeFiles/photoresistor.dir/home/anton/pico/pico-sdk/lib/lwip/src/core/netif.c.o
                0x10003250                netif_init
 .text.netif_add
                0x10003254      0x16c CMakeFiles/photoresistor.dir/home/anton/pico/pico-sdk/lib/lwip/src/core/netif.c.o
                0x10003254                netif_add
 .text.netif_set_addr
                0x100033c0       0xb4 CMakeFiles/photoresistor.dir/home/anton/pico/pico-sdk/lib/lwip/src/core/netif.c.o
                0x100033c0                netif_set_addr
 .text.netif_remove
                0x10003474       0x94 CMakeFiles/photoresistor.dir/home/anton/pico/pico-sdk/lib/lwip/src/core/netif.c.o
                0x10003474                netif_remove
 .text.netif_set_default
                0x10003508        0xc CMakeFiles/photoresistor.dir/home/anton/pico/pico-sdk/lib/lwip/src/core/netif.c.o
                0x10003508                netif_set_default
 .text.netif_set_up
                0x10003514       0x40 CMakeFiles/photoresistor.dir/home/anton/pico/pico-sdk/lib/lwip/src/core/netif.c.o
                0x10003514                netif_set_up
 .text.netif_set_link_up
                0x10003554       0x44 CMakeFiles/photoresistor.dir/home/anton/pico/pico-sdk/lib/lwip/src/core/netif.c.o
                0x10003554                netif_set_link_up
 .text.netif_set_link_down
                0x10003598       0x20 CMakeFiles/photoresistor.dir/home/anton/pico/pico-sdk/lib/lwip/src/core/netif.c.o
                0x10003598                netif_set_link_down
 .text.netif_get_by_index
                0x100035b8       0x2c CMakeFiles/photoresistor.dir/home/anton/pico/pico-sdk/lib/lwip/src/core/netif.c.o
                0x100035b8                netif_get_by_index
 .text.pbuf_free.part.0
                0x100035e4       0x7c CMakeFiles/photoresistor.dir/home/anton/pico/pico-sdk/lib/lwip/src/core/pbuf.c.o
 .text.pbuf_free_ooseq
                0x10003660       0x34 CMakeFiles/photoresistor.dir/home/anton/pico/pico-sdk/lib/lwip/src/core/pbuf.c.o
                0x10003660                pbuf_free_ooseq
 .text.pbuf_alloc
                0x10003694      0x134 CMakeFiles/photoresistor.dir/home/anton/pico/pico-sdk/lib/lwip/src/core/pbuf.c.o
                0x10003694                pbuf_alloc
 .text.pbuf_realloc
                0x100037c8       0x84 CMakeFiles/photoresistor.dir/home/anton/pico/pico-sdk/lib/lwip/src/core/pbuf.c.o
                0x100037c8                pbuf_realloc
 .text.pbuf_add_header
                0x1000384c       0x50 CMakeFiles/photoresistor.dir/home/anton/pico/pico-sdk/lib/lwip/src/core/pbuf.c.o
                0x1000384c                pbuf_add_header
 .text.pbuf_remove_header
                0x1000389c       0x3c CMakeFiles/photoresistor.dir/home/anton/pico/pico-sdk/lib/lwip/src/core/pbuf.c.o
                0x1000389c                pbuf_remove_header
 .text.pbuf_header_force
                0x100038d8       0x68 CMakeFiles/photoresistor.dir/home/anton/pico/pico-sdk/lib/lwip/src/core/pbuf.c.o
                0x100038d8                pbuf_header_force
 .text.pbuf_free
                0x10003940       0x18 CMakeFiles/photoresistor.dir/home/anton/pico/pico-sdk/lib/lwip/src/core/pbuf.c.o
                0x10003940                pbuf_free
 .text.pbuf_clen
                0x10003958       0x14 CMakeFiles/photoresistor.dir/home/anton/pico/pico-sdk/lib/lwip/src/core/pbuf.c.o
                0x10003958                pbuf_clen
 .text.pbuf_ref
                0x1000396c       0x28 CMakeFiles/photoresistor.dir/home/anton/pico/pico-sdk/lib/lwip/src/core/pbuf.c.o
                0x1000396c                pbuf_ref
 .text.pbuf_cat
                0x10003994       0x44 CMakeFiles/photoresistor.dir/home/anton/pico/pico-sdk/lib/lwip/src/core/pbuf.c.o
                0x10003994                pbuf_cat
 .text.pbuf_chain
                0x100039d8       0x64 CMakeFiles/photoresistor.dir/home/anton/pico/pico-sdk/lib/lwip/src/core/pbuf.c.o
                0x100039d8                pbuf_chain
 .text.pbuf_copy_partial_pbuf
                0x10003a3c      0x148 CMakeFiles/photoresistor.dir/home/anton/pico/pico-sdk/lib/lwip/src/core/pbuf.c.o
                0x10003a3c                pbuf_copy_partial_pbuf
 .text.pbuf_copy
                0x10003b84       0x18 CMakeFiles/photoresistor.dir/home/anton/pico/pico-sdk/lib/lwip/src/core/pbuf.c.o
                0x10003b84                pbuf_copy
 .text.pbuf_copy_partial
                0x10003b9c       0x68 CMakeFiles/photoresistor.dir/home/anton/pico/pico-sdk/lib/lwip/src/core/pbuf.c.o
                0x10003b9c                pbuf_copy_partial
 .text.pbuf_take
                0x10003c04       0x78 CMakeFiles/photoresistor.dir/home/anton/pico/pico-sdk/lib/lwip/src/core/pbuf.c.o
                0x10003c04                pbuf_take
 .text.pbuf_take_at
                0x10003c7c       0xcc CMakeFiles/photoresistor.dir/home/anton/pico/pico-sdk/lib/lwip/src/core/pbuf.c.o
                0x10003c7c                pbuf_take_at
 .text.pbuf_clone
                0x10003d48       0x30 CMakeFiles/photoresistor.dir/home/anton/pico/pico-sdk/lib/lwip/src/core/pbuf.c.o
                0x10003d48                pbuf_clone
 .text.pbuf_put_at
                0x10003d78       0x1c CMakeFiles/photoresistor.dir/home/anton/pico/pico-sdk/lib/lwip/src/core/pbuf.c.o
                0x10003d78                pbuf_put_at
 .text.raw_input
                0x10003d94      0x164 CMakeFiles/photoresistor.dir/home/anton/pico/pico-sdk/lib/lwip/src/core/raw.c.o
                0x10003d94                raw_input
 .text.raw_netif_ip_addr_changed
                0x10003ef8       0x40 CMakeFiles/photoresistor.dir/home/anton/pico/pico-sdk/lib/lwip/src/core/raw.c.o
                0x10003ef8                raw_netif_ip_addr_changed
 .text.stats_init
                0x10003f38        0x4 CMakeFiles/photoresistor.dir/home/anton/pico/pico-sdk/lib/lwip/src/core/stats.c.o
                0x10003f38                stats_init
 .text.tcp_close_shutdown_fin
                0x10003f3c       0x54 CMakeFiles/photoresistor.dir/home/anton/pico/pico-sdk/lib/lwip/src/core/tcp.c.o
 .text.tcp_pcb_purge.part.0
                0x10003f90       0xc4 CMakeFiles/photoresistor.dir/home/anton/pico/pico-sdk/lib/lwip/src/core/tcp.c.o
 .text.tcp_init
                0x10004054       0x20 CMakeFiles/photoresistor.dir/home/anton/pico/pico-sdk/lib/lwip/src/core/tcp.c.o
                0x10004054                tcp_init
 .text.tcp_free
                0x10004074       0x1c CMakeFiles/photoresistor.dir/home/anton/pico/pico-sdk/lib/lwip/src/core/tcp.c.o
                0x10004074                tcp_free
 .text.tcp_update_rcv_ann_wnd
                0x10004090       0x58 CMakeFiles/photoresistor.dir/home/anton/pico/pico-sdk/lib/lwip/src/core/tcp.c.o
                0x10004090                tcp_update_rcv_ann_wnd
 .text.tcp_recved
                0x100040e8       0x98 CMakeFiles/photoresistor.dir/home/anton/pico/pico-sdk/lib/lwip/src/core/tcp.c.o
                0x100040e8                tcp_recved
 .text.tcp_connect
                0x10004180      0x1bc CMakeFiles/photoresistor.dir/home/anton/pico/pico-sdk/lib/lwip/src/core/tcp.c.o
                0x10004180                tcp_connect
 .text.tcp_slowtmr
                0x1000433c      0x524 CMakeFiles/photoresistor.dir/home/anton/pico/pico-sdk/lib/lwip/src/core/tcp.c.o
                0x1000433c                tcp_slowtmr
 .text.tcp_segs_free
                0x10004860       0x38 CMakeFiles/photoresistor.dir/home/anton/pico/pico-sdk/lib/lwip/src/core/tcp.c.o
                0x10004860                tcp_segs_free
 .text.tcp_seg_free
                0x10004898       0x1c CMakeFiles/photoresistor.dir/home/anton/pico/pico-sdk/lib/lwip/src/core/tcp.c.o
                0x10004898                tcp_seg_free
 .text.tcp_seg_copy
                0x100048b4       0x2c CMakeFiles/photoresistor.dir/home/anton/pico/pico-sdk/lib/lwip/src/core/tcp.c.o
                0x100048b4                tcp_seg_copy
 .text.tcp_arg  0x100048e0        0x8 CMakeFiles/photoresistor.dir/home/anton/pico/pico-sdk/lib/lwip/src/core/tcp.c.o
                0x100048e0                tcp_arg
 .text.tcp_recv
                0x100048e8       0x1c CMakeFiles/photoresistor.dir/home/anton/pico/pico-sdk/lib/lwip/src/core/tcp.c.o
                0x100048e8                tcp_recv
 .text.tcp_sent
                0x10004904       0x1c CMakeFiles/photoresistor.dir/home/anton/pico/pico-sdk/lib/lwip/src/core/tcp.c.o
                0x10004904                tcp_sent
 .text.tcp_err  0x10004920       0x1c CMakeFiles/photoresistor.dir/home/anton/pico/pico-sdk/lib/lwip/src/core/tcp.c.o
                0x10004920                tcp_err
 .text.tcp_poll
                0x1000493c       0x20 CMakeFiles/photoresistor.dir/home/anton/pico/pico-sdk/lib/lwip/src/core/tcp.c.o
                0x1000493c                tcp_poll
 .text.tcp_pcb_purge
                0x1000495c       0x18 CMakeFiles/photoresistor.dir/home/anton/pico/pico-sdk/lib/lwip/src/core/tcp.c.o
                0x1000495c                tcp_pcb_purge
 .text.tcp_pcb_remove
                0x10004974       0xc8 CMakeFiles/photoresistor.dir/home/anton/pico/pico-sdk/lib/lwip/src/core/tcp.c.o
                0x10004974                tcp_pcb_remove
 .text.tcp_abandon
                0x10004a3c      0x1a0 CMakeFiles/photoresistor.dir/home/anton/pico/pico-sdk/lib/lwip/src/core/tcp.c.o
                0x10004a3c                tcp_abandon
 .text.tcp_abort
                0x10004bdc        0xc CMakeFiles/photoresistor.dir/home/anton/pico/pico-sdk/lib/lwip/src/core/tcp.c.o
                0x10004bdc                tcp_abort
 .text.tcp_alloc
                0x10004be8      0x1d4 CMakeFiles/photoresistor.dir/home/anton/pico/pico-sdk/lib/lwip/src/core/tcp.c.o
                0x10004be8                tcp_alloc
 .text.tcp_new  0x10004dbc        0xc CMakeFiles/photoresistor.dir/home/anton/pico/pico-sdk/lib/lwip/src/core/tcp.c.o
                0x10004dbc                tcp_new
 .text.tcp_close_shutdown
                0x10004dc8      0x188 CMakeFiles/photoresistor.dir/home/anton/pico/pico-sdk/lib/lwip/src/core/tcp.c.o
 .text.tcp_recv_null
                0x10004f50       0xcc CMakeFiles/photoresistor.dir/home/anton/pico/pico-sdk/lib/lwip/src/core/tcp.c.o
                0x10004f50                tcp_recv_null
 .text.tcp_process_refused_data
                0x1000501c       0x78 CMakeFiles/photoresistor.dir/home/anton/pico/pico-sdk/lib/lwip/src/core/tcp.c.o
                0x1000501c                tcp_process_refused_data
 .text.tcp_fasttmr
                0x10005094       0x98 CMakeFiles/photoresistor.dir/home/anton/pico/pico-sdk/lib/lwip/src/core/tcp.c.o
                0x10005094                tcp_fasttmr
 .text.tcp_tmr  0x1000512c       0x20 CMakeFiles/photoresistor.dir/home/anton/pico/pico-sdk/lib/lwip/src/core/tcp.c.o
                0x1000512c                tcp_tmr
 .text.tcp_close
                0x1000514c      0x170 CMakeFiles/photoresistor.dir/home/anton/pico/pico-sdk/lib/lwip/src/core/tcp.c.o
                0x1000514c                tcp_close
 .text.tcp_next_iss
                0x100052bc       0x28 CMakeFiles/photoresistor.dir/home/anton/pico/pico-sdk/lib/lwip/src/core/tcp.c.o
                0x100052bc                tcp_next_iss
 .text.tcp_eff_send_mss_netif
                0x100052e4       0x34 CMakeFiles/photoresistor.dir/home/anton/pico/pico-sdk/lib/lwip/src/core/tcp.c.o
                0x100052e4                tcp_eff_send_mss_netif
 .text.tcp_netif_ip_addr_changed
                0x10005318       0x94 CMakeFiles/photoresistor.dir/home/anton/pico/pico-sdk/lib/lwip/src/core/tcp.c.o
                0x10005318                tcp_netif_ip_addr_changed
 .text.tcp_free_ooseq
                0x100053ac       0x40 CMakeFiles/photoresistor.dir/home/anton/pico/pico-sdk/lib/lwip/src/core/tcp.c.o
                0x100053ac                tcp_free_ooseq
 .text.tcp_parseopt
                0x100053ec      0x1bc CMakeFiles/photoresistor.dir/home/anton/pico/pico-sdk/lib/lwip/src/core/tcp_in.c.o
 .text.tcp_oos_insert_segment
                0x100055a8       0xdc CMakeFiles/photoresistor.dir/home/anton/pico/pico-sdk/lib/lwip/src/core/tcp_in.c.o
 .text.tcp_free_acked_segments.isra.0
                0x10005684       0xdc CMakeFiles/photoresistor.dir/home/anton/pico/pico-sdk/lib/lwip/src/core/tcp_in.c.o
 .text.tcp_receive
                0x10005760      0xa00 CMakeFiles/photoresistor.dir/home/anton/pico/pico-sdk/lib/lwip/src/core/tcp_in.c.o
 .text.tcp_input
                0x10006160      0xe54 CMakeFiles/photoresistor.dir/home/anton/pico/pico-sdk/lib/lwip/src/core/tcp_in.c.o
                0x10006160                tcp_input
 .text.tcp_trigger_input_pcb_close
                0x10006fb4       0x10 CMakeFiles/photoresistor.dir/home/anton/pico/pico-sdk/lib/lwip/src/core/tcp_in.c.o
                0x10006fb4                tcp_trigger_input_pcb_close
 .text.tcp_create_segment
                0x10006fc4       0xf8 CMakeFiles/photoresistor.dir/home/anton/pico/pico-sdk/lib/lwip/src/core/tcp_out.c.o
 .text.tcp_output_control_segment
                0x100070bc       0xc0 CMakeFiles/photoresistor.dir/home/anton/pico/pico-sdk/lib/lwip/src/core/tcp_out.c.o
 .text.tcp_output_alloc_header.constprop.0
                0x1000717c       0xc8 CMakeFiles/photoresistor.dir/home/anton/pico/pico-sdk/lib/lwip/src/core/tcp_out.c.o
 .text.tcp_write
                0x10007244      0x468 CMakeFiles/photoresistor.dir/home/anton/pico/pico-sdk/lib/lwip/src/core/tcp_out.c.o
                0x10007244                tcp_write
 .text.tcp_split_unsent_seg
                0x100076ac      0x1b4 CMakeFiles/photoresistor.dir/home/anton/pico/pico-sdk/lib/lwip/src/core/tcp_out.c.o
                0x100076ac                tcp_split_unsent_seg
 .text.tcp_send_fin
                0x10007860      0x118 CMakeFiles/photoresistor.dir/home/anton/pico/pico-sdk/lib/lwip/src/core/tcp_out.c.o
                0x10007860                tcp_send_fin
 .text.tcp_enqueue_flags
                0x10007978      0x108 CMakeFiles/photoresistor.dir/home/anton/pico/pico-sdk/lib/lwip/src/core/tcp_out.c.o
                0x10007978                tcp_enqueue_flags
 .text.tcp_rexmit_rto_prepare
                0x10007a80       0x9c CMakeFiles/photoresistor.dir/home/anton/pico/pico-sdk/lib/lwip/src/core/tcp_out.c.o
                0x10007a80                tcp_rexmit_rto_prepare
 .text.tcp_rexmit
                0x10007b1c       0x9c CMakeFiles/photoresistor.dir/home/anton/pico/pico-sdk/lib/lwip/src/core/tcp_out.c.o
                0x10007b1c                tcp_rexmit
 .text.tcp_rexmit_fast
                0x10007bb8       0x64 CMakeFiles/photoresistor.dir/home/anton/pico/pico-sdk/lib/lwip/src/core/tcp_out.c.o
                0x10007bb8                tcp_rexmit_fast
 .text.tcp_rst  0x10007c1c       0xe8 CMakeFiles/photoresistor.dir/home/anton/pico/pico-sdk/lib/lwip/src/core/tcp_out.c.o
                0x10007c1c                tcp_rst
 .text.tcp_rst_netif
                0x10007d04      0x130 CMakeFiles/photoresistor.dir/home/anton/pico/pico-sdk/lib/lwip/src/core/tcp_out.c.o
                0x10007d04                tcp_rst_netif
 .text.tcp_send_empty_ack
                0x10007e34       0x4c CMakeFiles/photoresistor.dir/home/anton/pico/pico-sdk/lib/lwip/src/core/tcp_out.c.o
                0x10007e34                tcp_send_empty_ack
 .text.tcp_output
                0x10007e80      0x454 CMakeFiles/photoresistor.dir/home/anton/pico/pico-sdk/lib/lwip/src/core/tcp_out.c.o
                0x10007e80                tcp_output
 .text.tcp_rexmit_rto_commit
                0x100082d4       0x24 CMakeFiles/photoresistor.dir/home/anton/pico/pico-sdk/lib/lwip/src/core/tcp_out.c.o
                0x100082d4                tcp_rexmit_rto_commit
 .text.tcp_rexmit_rto
                0x100082f8       0xa4 CMakeFiles/photoresistor.dir/home/anton/pico/pico-sdk/lib/lwip/src/core/tcp_out.c.o
                0x100082f8                tcp_rexmit_rto
 .text.tcp_keepalive
                0x1000839c       0xdc CMakeFiles/photoresistor.dir/home/anton/pico/pico-sdk/lib/lwip/src/core/tcp_out.c.o
                0x1000839c                tcp_keepalive
 .text.tcp_zero_window_probe
                0x10008478      0x110 CMakeFiles/photoresistor.dir/home/anton/pico/pico-sdk/lib/lwip/src/core/tcp_out.c.o
                0x10008478                tcp_zero_window_probe
 .text.tcpip_tcp_timer
                0x10008588       0x78 CMakeFiles/photoresistor.dir/home/anton/pico/pico-sdk/lib/lwip/src/core/timeouts.c.o
 .text.lwip_cyclic_timer
                0x10008600       0x98 CMakeFiles/photoresistor.dir/home/anton/pico/pico-sdk/lib/lwip/src/core/timeouts.c.o
 .text.tcp_timer_needed
                0x10008698       0x7c CMakeFiles/photoresistor.dir/home/anton/pico/pico-sdk/lib/lwip/src/core/timeouts.c.o
                0x10008698                tcp_timer_needed
 .text.sys_timeouts_init
                0x10008714       0x8c CMakeFiles/photoresistor.dir/home/anton/pico/pico-sdk/lib/lwip/src/core/timeouts.c.o
                0x10008714                sys_timeouts_init
 .text.sys_check_timeouts
                0x100087a0       0x68 CMakeFiles/photoresistor.dir/home/anton/pico/pico-sdk/lib/lwip/src/core/timeouts.c.o
                0x100087a0                sys_check_timeouts
 .text.sys_timeouts_sleeptime
                0x10008808       0x28 CMakeFiles/photoresistor.dir/home/anton/pico/pico-sdk/lib/lwip/src/core/timeouts.c.o
                0x10008808                sys_timeouts_sleeptime
 .text.udp_init
                0x10008830       0x20 CMakeFiles/photoresistor.dir/home/anton/pico/pico-sdk/lib/lwip/src/core/udp.c.o
                0x10008830                udp_init
 .text.udp_input
                0x10008850      0x320 CMakeFiles/photoresistor.dir/home/anton/pico/pico-sdk/lib/lwip/src/core/udp.c.o
                0x10008850                udp_input
 .text.udp_bind
                0x10008b70      0x118 CMakeFiles/photoresistor.dir/home/anton/pico/pico-sdk/lib/lwip/src/core/udp.c.o
                0x10008b70                udp_bind
 .text.udp_sendto_if_src
                0x10008c88      0x130 CMakeFiles/photoresistor.dir/home/anton/pico/pico-sdk/lib/lwip/src/core/udp.c.o
                0x10008c88                udp_sendto_if_src
 .text.udp_sendto_if
                0x10008db8       0x48 CMakeFiles/photoresistor.dir/home/anton/pico/pico-sdk/lib/lwip/src/core/udp.c.o
                0x10008db8                udp_sendto_if
 .text.udp_sendto
                0x10008e00       0x78 CMakeFiles/photoresistor.dir/home/anton/pico/pico-sdk/lib/lwip/src/core/udp.c.o
                0x10008e00                udp_sendto
 .text.udp_connect
                0x10008e78       0x60 CMakeFiles/photoresistor.dir/home/anton/pico/pico-sdk/lib/lwip/src/core/udp.c.o
                0x10008e78                udp_connect
 .text.udp_recv
                0x10008ed8        0xc CMakeFiles/photoresistor.dir/home/anton/pico/pico-sdk/lib/lwip/src/core/udp.c.o
                0x10008ed8                udp_recv
 .text.udp_remove
                0x10008ee4       0x3c CMakeFiles/photoresistor.dir/home/anton/pico/pico-sdk/lib/lwip/src/core/udp.c.o
                0x10008ee4                udp_remove
 .text.udp_new  0x10008f20       0x1c CMakeFiles/photoresistor.dir/home/anton/pico/pico-sdk/lib/lwip/src/core/udp.c.o
                0x10008f20                udp_new
 .text.udp_netif_ip_addr_changed
                0x10008f3c       0x40 CMakeFiles/photoresistor.dir/home/anton/pico/pico-sdk/lib/lwip/src/core/udp.c.o
                0x10008f3c                udp_netif_ip_addr_changed
 .text.dhcp_create_msg
                0x10008f7c      0x164 CMakeFiles/photoresistor.dir/home/anton/pico/pico-sdk/lib/lwip/src/core/ipv4/dhcp.c.o
 .text.dhcp_inc_pcb_refcount
                0x100090e0       0x6c CMakeFiles/photoresistor.dir/home/anton/pico/pico-sdk/lib/lwip/src/core/ipv4/dhcp.c.o
 .text.dhcp_bind
                0x1000914c      0x138 CMakeFiles/photoresistor.dir/home/anton/pico/pico-sdk/lib/lwip/src/core/ipv4/dhcp.c.o
 .text.dhcp_option_hostname.isra.0
                0x10009284       0x84 CMakeFiles/photoresistor.dir/home/anton/pico/pico-sdk/lib/lwip/src/core/ipv4/dhcp.c.o
 .text.dhcp_handle_ack.isra.0
                0x10009308       0xcc CMakeFiles/photoresistor.dir/home/anton/pico/pico-sdk/lib/lwip/src/core/ipv4/dhcp.c.o
 .text.dhcp_reboot.isra.0
                0x100093d4      0x178 CMakeFiles/photoresistor.dir/home/anton/pico/pico-sdk/lib/lwip/src/core/ipv4/dhcp.c.o
 .text.dhcp_discover
                0x1000954c      0x140 CMakeFiles/photoresistor.dir/home/anton/pico/pico-sdk/lib/lwip/src/core/ipv4/dhcp.c.o
 .text.dhcp_select.isra.0
                0x1000968c      0x1e0 CMakeFiles/photoresistor.dir/home/anton/pico/pico-sdk/lib/lwip/src/core/ipv4/dhcp.c.o
 .text.dhcp_recv
                0x1000986c      0x47c CMakeFiles/photoresistor.dir/home/anton/pico/pico-sdk/lib/lwip/src/core/ipv4/dhcp.c.o
 .text.dhcp_set_struct
                0x10009ce8       0x44 CMakeFiles/photoresistor.dir/home/anton/pico/pico-sdk/lib/lwip/src/core/ipv4/dhcp.c.o
                0x10009ce8                dhcp_set_struct
 .text.dhcp_network_changed_link_up
                0x10009d2c       0x40 CMakeFiles/photoresistor.dir/home/anton/pico/pico-sdk/lib/lwip/src/core/ipv4/dhcp.c.o
                0x10009d2c                dhcp_network_changed_link_up
 .text.dhcp_renew
                0x10009d6c      0x138 CMakeFiles/photoresistor.dir/home/anton/pico/pico-sdk/lib/lwip/src/core/ipv4/dhcp.c.o
                0x10009d6c                dhcp_renew
 .text.dhcp_release_and_stop
                0x10009ea4      0x158 CMakeFiles/photoresistor.dir/home/anton/pico/pico-sdk/lib/lwip/src/core/ipv4/dhcp.c.o
                0x10009ea4                dhcp_release_and_stop
 .text.dhcp_start
                0x10009ffc       0xb0 CMakeFiles/photoresistor.dir/home/anton/pico/pico-sdk/lib/lwip/src/core/ipv4/dhcp.c.o
                0x10009ffc                dhcp_start
 .text.dhcp_coarse_tmr
                0x1000a0ac      0x1d8 CMakeFiles/photoresistor.dir/home/anton/pico/pico-sdk/lib/lwip/src/core/ipv4/dhcp.c.o
                0x1000a0ac                dhcp_coarse_tmr
 .text.dhcp_fine_tmr
                0x1000a284       0x78 CMakeFiles/photoresistor.dir/home/anton/pico/pico-sdk/lib/lwip/src/core/ipv4/dhcp.c.o
                0x1000a284                dhcp_fine_tmr
 .text.dhcp_stop
                0x1000a2fc      0x158 CMakeFiles/photoresistor.dir/home/anton/pico/pico-sdk/lib/lwip/src/core/ipv4/dhcp.c.o
                0x1000a2fc                dhcp_stop
 .text.etharp_find_entry
                0x1000a454      0x3c0 CMakeFiles/photoresistor.dir/home/anton/pico/pico-sdk/lib/lwip/src/core/ipv4/etharp.c.o
 .text.etharp_raw
                0x1000a814       0xec CMakeFiles/photoresistor.dir/home/anton/pico/pico-sdk/lib/lwip/src/core/ipv4/etharp.c.o
 .text.etharp_output_to_arp_index
                0x1000a900       0xd0 CMakeFiles/photoresistor.dir/home/anton/pico/pico-sdk/lib/lwip/src/core/ipv4/etharp.c.o
 .text.etharp_tmr
                0x1000a9d0       0x94 CMakeFiles/photoresistor.dir/home/anton/pico/pico-sdk/lib/lwip/src/core/ipv4/etharp.c.o
                0x1000a9d0                etharp_tmr
 .text.etharp_cleanup_netif
                0x1000aa64      0x188 CMakeFiles/photoresistor.dir/home/anton/pico/pico-sdk/lib/lwip/src/core/ipv4/etharp.c.o
                0x1000aa64                etharp_cleanup_netif
 .text.etharp_input
                0x1000abec      0x1b8 CMakeFiles/photoresistor.dir/home/anton/pico/pico-sdk/lib/lwip/src/core/ipv4/etharp.c.o
                0x1000abec                etharp_input
 .text.etharp_query
                0x1000ada4      0x1b8 CMakeFiles/photoresistor.dir/home/anton/pico/pico-sdk/lib/lwip/src/core/ipv4/etharp.c.o
                0x1000ada4                etharp_query
 .text.etharp_output
                0x1000af5c      0x24c CMakeFiles/photoresistor.dir/home/anton/pico/pico-sdk/lib/lwip/src/core/ipv4/etharp.c.o
                0x1000af5c                etharp_output
 .text.etharp_request
                0x1000b1a8       0x2c CMakeFiles/photoresistor.dir/home/anton/pico/pico-sdk/lib/lwip/src/core/ipv4/etharp.c.o
                0x1000b1a8                etharp_request
 .text.icmp_input
                0x1000b1d4      0x1ec CMakeFiles/photoresistor.dir/home/anton/pico/pico-sdk/lib/lwip/src/core/ipv4/icmp.c.o
                0x1000b1d4                icmp_input
 .text.icmp_dest_unreach
                0x1000b3c0       0xcc CMakeFiles/photoresistor.dir/home/anton/pico/pico-sdk/lib/lwip/src/core/ipv4/icmp.c.o
                0x1000b3c0                icmp_dest_unreach
 .text.icmp_time_exceeded
                0x1000b48c       0xcc CMakeFiles/photoresistor.dir/home/anton/pico/pico-sdk/lib/lwip/src/core/ipv4/icmp.c.o
                0x1000b48c                icmp_time_exceeded
 .text.ip_reass_free_complete_datagram
                0x1000b558      0x11c CMakeFiles/photoresistor.dir/home/anton/pico/pico-sdk/lib/lwip/src/core/ipv4/ip4_frag.c.o
 .text.ip_reass_remove_oldest_datagram
                0x1000b674       0xd8 CMakeFiles/photoresistor.dir/home/anton/pico/pico-sdk/lib/lwip/src/core/ipv4/ip4_frag.c.o
 .text.ip_reass_tmr
                0x1000b74c       0x30 CMakeFiles/photoresistor.dir/home/anton/pico/pico-sdk/lib/lwip/src/core/ipv4/ip4_frag.c.o
                0x1000b74c                ip_reass_tmr
 .text.ip4_reass
                0x1000b77c      0x560 CMakeFiles/photoresistor.dir/home/anton/pico/pico-sdk/lib/lwip/src/core/ipv4/ip4_frag.c.o
                0x1000b77c                ip4_reass
 .text.ip4_frag
                0x1000bcdc      0x254 CMakeFiles/photoresistor.dir/home/anton/pico/pico-sdk/lib/lwip/src/core/ipv4/ip4_frag.c.o
                0x1000bcdc                ip4_frag
 .text.ip4_route
                0x1000bf30       0x7c CMakeFiles/photoresistor.dir/home/anton/pico/pico-sdk/lib/lwip/src/core/ipv4/ip4.c.o
                0x1000bf30                ip4_route
 .text.ip4_input
                0x1000bfac      0x300 CMakeFiles/photoresistor.dir/home/anton/pico/pico-sdk/lib/lwip/src/core/ipv4/ip4.c.o
                0x1000bfac                ip4_input
 .text.ip4_output_if
                0x1000c2ac      0x190 CMakeFiles/photoresistor.dir/home/anton/pico/pico-sdk/lib/lwip/src/core/ipv4/ip4.c.o
                0x1000c2ac                ip4_output_if
 .text.ip4_output_if_src
                0x1000c43c      0x184 CMakeFiles/photoresistor.dir/home/anton/pico/pico-sdk/lib/lwip/src/core/ipv4/ip4.c.o
                0x1000c43c                ip4_output_if_src
 .text.ip4_addr_isbroadcast_u32
                0x1000c5c0       0x3c CMakeFiles/photoresistor.dir/home/anton/pico/pico-sdk/lib/lwip/src/core/ipv4/ip4_addr.c.o
                0x1000c5c0                ip4_addr_isbroadcast_u32
 .text.ip4addr_aton
                0x1000c5fc      0x1a8 CMakeFiles/photoresistor.dir/home/anton/pico/pico-sdk/lib/lwip/src/core/ipv4/ip4_addr.c.o
                0x1000c5fc                ip4addr_aton
 .text.ethernet_input
                0x1000c7a4       0xd0 CMakeFiles/photoresistor.dir/home/anton/pico/pico-sdk/lib/lwip/src/netif/ethernet.c.o
                0x1000c7a4                ethernet_input
 .text.ethernet_output
                0x1000c874       0x6c CMakeFiles/photoresistor.dir/home/anton/pico/pico-sdk/lib/lwip/src/netif/ethernet.c.o
                0x1000c874                ethernet_output
 .text.cyw43_arch_wifi_connect_bssid_until.part.0
                0x1000c8e0      0x150 CMakeFiles/photoresistor.dir/home/anton/pico/pico-sdk/src/rp2_common/pico_cyw43_arch/cyw43_arch.c.o
 .text.cyw43_arch_set_async_context
                0x1000ca30        0xc CMakeFiles/photoresistor.dir/home/anton/pico/pico-sdk/src/rp2_common/pico_cyw43_arch/cyw43_arch.c.o
                0x1000ca30                cyw43_arch_set_async_context
 .text.cyw43_arch_enable_sta_mode
                0x1000ca3c       0x1c CMakeFiles/photoresistor.dir/home/anton/pico/pico-sdk/src/rp2_common/pico_cyw43_arch/cyw43_arch.c.o
                0x1000ca3c                cyw43_arch_enable_sta_mode
 .text.cyw43_arch_wifi_connect_timeout_ms
                0x1000ca58       0xa0 CMakeFiles/photoresistor.dir/home/anton/pico/pico-sdk/src/rp2_common/pico_cyw43_arch/cyw43_arch.c.o
                0x1000ca58                cyw43_arch_wifi_connect_timeout_ms
 .text.cyw43_arch_async_context
                0x1000caf8        0xc CMakeFiles/photoresistor.dir/home/anton/pico/pico-sdk/src/rp2_common/pico_cyw43_arch/cyw43_arch.c.o
                0x1000caf8                cyw43_arch_async_context
 .text.cyw43_arch_init
                0x1000cb04       0x74 CMakeFiles/photoresistor.dir/home/anton/pico/pico-sdk/src/rp2_common/pico_cyw43_arch/cyw43_arch_threadsafe_background.c.o
                0x1000cb04                cyw43_arch_init
 .text.cyw43_arch_deinit
                0x1000cb78       0x30 CMakeFiles/photoresistor.dir/home/anton/pico/pico-sdk/src/rp2_common/pico_cyw43_arch/cyw43_arch_threadsafe_background.c.o
                0x1000cb78                cyw43_arch_deinit
 .text.ns_delay.constprop.0
                0x1000cba8       0x20 CMakeFiles/photoresistor.dir/home/anton/pico/pico-sdk/src/rp2_common/pico_cyw43_driver/cyw43_bus_pio_spi.c.o
 .text.cyw43_spi_deinit
                0x1000cbc8       0x6c CMakeFiles/photoresistor.dir/home/anton/pico/pico-sdk/src/rp2_common/pico_cyw43_driver/cyw43_bus_pio_spi.c.o
                0x1000cbc8                cyw43_spi_deinit
 .text.cyw43_spi_init
                0x1000cc34      0x128 CMakeFiles/photoresistor.dir/home/anton/pico/pico-sdk/src/rp2_common/pico_cyw43_driver/cyw43_bus_pio_spi.c.o
                0x1000cc34                cyw43_spi_init
 .text.cyw43_spi_transfer
                0x1000cd5c      0x408 CMakeFiles/photoresistor.dir/home/anton/pico/pico-sdk/src/rp2_common/pico_cyw43_driver/cyw43_bus_pio_spi.c.o
                0x1000cd5c                cyw43_spi_transfer
 .text.cyw43_spi_gpio_setup
                0x1000d164       0x3c CMakeFiles/photoresistor.dir/home/anton/pico/pico-sdk/src/rp2_common/pico_cyw43_driver/cyw43_bus_pio_spi.c.o
                0x1000d164                cyw43_spi_gpio_setup
 .text.cyw43_spi_reset
                0x1000d1a0       0x28 CMakeFiles/photoresistor.dir/home/anton/pico/pico-sdk/src/rp2_common/pico_cyw43_driver/cyw43_bus_pio_spi.c.o
                0x1000d1a0                cyw43_spi_reset
 .text.read_reg_u32_swap
                0x1000d1c8       0x3c CMakeFiles/photoresistor.dir/home/anton/pico/pico-sdk/src/rp2_common/pico_cyw43_driver/cyw43_bus_pio_spi.c.o
                0x1000d1c8                read_reg_u32_swap
 .text.cyw43_read_reg_u32
                0x1000d204       0x50 CMakeFiles/photoresistor.dir/home/anton/pico/pico-sdk/src/rp2_common/pico_cyw43_driver/cyw43_bus_pio_spi.c.o
                0x1000d204                cyw43_read_reg_u32
 .text.cyw43_read_reg_u16
                0x1000d254       0x50 CMakeFiles/photoresistor.dir/home/anton/pico/pico-sdk/src/rp2_common/pico_cyw43_driver/cyw43_bus_pio_spi.c.o
                0x1000d254                cyw43_read_reg_u16
 .text.cyw43_read_reg_u8
                0x1000d2a4       0x50 CMakeFiles/photoresistor.dir/home/anton/pico/pico-sdk/src/rp2_common/pico_cyw43_driver/cyw43_bus_pio_spi.c.o
                0x1000d2a4                cyw43_read_reg_u8
 .text.write_reg_u32_swap
                0x1000d2f4      0x1fc CMakeFiles/photoresistor.dir/home/anton/pico/pico-sdk/src/rp2_common/pico_cyw43_driver/cyw43_bus_pio_spi.c.o
                0x1000d2f4                write_reg_u32_swap
 .text.cyw43_write_reg_u32
                0x1000d4f0      0x21c CMakeFiles/photoresistor.dir/home/anton/pico/pico-sdk/src/rp2_common/pico_cyw43_driver/cyw43_bus_pio_spi.c.o
                0x1000d4f0                cyw43_write_reg_u32
 .text.cyw43_write_reg_u16
                0x1000d70c      0x21c CMakeFiles/photoresistor.dir/home/anton/pico/pico-sdk/src/rp2_common/pico_cyw43_driver/cyw43_bus_pio_spi.c.o
                0x1000d70c                cyw43_write_reg_u16
 .text.cyw43_write_reg_u8
                0x1000d928      0x21c CMakeFiles/photoresistor.dir/home/anton/pico/pico-sdk/src/rp2_common/pico_cyw43_driver/cyw43_bus_pio_spi.c.o
                0x1000d928                cyw43_write_reg_u8
 .text.cyw43_read_bytes
                0x1000db44       0x78 CMakeFiles/photoresistor.dir/home/anton/pico/pico-sdk/src/rp2_common/pico_cyw43_driver/cyw43_bus_pio_spi.c.o
                0x1000db44                cyw43_read_bytes
 .text.cyw43_write_bytes
                0x1000dbbc       0xc0 CMakeFiles/photoresistor.dir/home/anton/pico/pico-sdk/src/rp2_common/pico_cyw43_driver/cyw43_bus_pio_spi.c.o
                0x1000dbbc                cyw43_write_bytes
 .text.cyw43_set_backplane_window
                0x1000dc7c       0x68 CMakeFiles/photoresistor.dir/home/anton/pico/pico-sdk/lib/cyw43-driver/src/cyw43_ll.c.o
 .text.cyw43_ll_parse_async_event
                0x1000dce4      0x134 CMakeFiles/photoresistor.dir/home/anton/pico/pico-sdk/lib/cyw43-driver/src/cyw43_ll.c.o
 .text.cyw43_kso_set
                0x1000de18       0x80 CMakeFiles/photoresistor.dir/home/anton/pico/pico-sdk/lib/cyw43-driver/src/cyw43_ll.c.o
 .text.cyw43_ll_sdpcm_poll_device
                0x1000de98      0x238 CMakeFiles/photoresistor.dir/home/anton/pico/pico-sdk/lib/cyw43-driver/src/cyw43_ll.c.o
 .text.cyw43_sdpcm_send_common
                0x1000e0d0       0xfc CMakeFiles/photoresistor.dir/home/anton/pico/pico-sdk/lib/cyw43-driver/src/cyw43_ll.c.o
 .text.cyw43_do_ioctl.part.0
                0x1000e1cc       0xc4 CMakeFiles/photoresistor.dir/home/anton/pico/pico-sdk/lib/cyw43-driver/src/cyw43_ll.c.o
 .text.cyw43_download_resource
                0x1000e290       0xd0 CMakeFiles/photoresistor.dir/home/anton/pico/pico-sdk/lib/cyw43-driver/src/cyw43_ll.c.o
 .text.cyw43_write_iovar_u32.constprop.0
                0x1000e360       0x98 CMakeFiles/photoresistor.dir/home/anton/pico/pico-sdk/lib/cyw43-driver/src/cyw43_ll.c.o
 .text.cyw43_write_iovar_n
                0x1000e3f8       0x8c CMakeFiles/photoresistor.dir/home/anton/pico/pico-sdk/lib/cyw43-driver/src/cyw43_ll.c.o
 .text.cyw43_write_iovar_u32_u32.constprop.0
                0x1000e484       0xac CMakeFiles/photoresistor.dir/home/anton/pico/pico-sdk/lib/cyw43-driver/src/cyw43_ll.c.o
 .text.cyw43_read_backplane.constprop.0
                0x1000e530       0xe4 CMakeFiles/photoresistor.dir/home/anton/pico/pico-sdk/lib/cyw43-driver/src/cyw43_ll.c.o
 .text.cyw43_write_backplane
                0x1000e614      0x10c CMakeFiles/photoresistor.dir/home/anton/pico/pico-sdk/lib/cyw43-driver/src/cyw43_ll.c.o
 .text.reset_device_core.constprop.0
                0x1000e720      0x410 CMakeFiles/photoresistor.dir/home/anton/pico/pico-sdk/lib/cyw43-driver/src/cyw43_ll.c.o
 .text.cyw43_ll_init
                0x1000eb30       0x1c CMakeFiles/photoresistor.dir/home/anton/pico/pico-sdk/lib/cyw43-driver/src/cyw43_ll.c.o
                0x1000eb30                cyw43_ll_init
 .text.cyw43_ll_deinit
                0x1000eb4c        0x8 CMakeFiles/photoresistor.dir/home/anton/pico/pico-sdk/lib/cyw43-driver/src/cyw43_ll.c.o
                0x1000eb4c                cyw43_ll_deinit
 .text.cyw43_ll_send_ethernet
                0x1000eb54       0x60 CMakeFiles/photoresistor.dir/home/anton/pico/pico-sdk/lib/cyw43-driver/src/cyw43_ll.c.o
                0x1000eb54                cyw43_ll_send_ethernet
 .text.cyw43_ll_process_packets
                0x1000ebb4       0x54 CMakeFiles/photoresistor.dir/home/anton/pico/pico-sdk/lib/cyw43-driver/src/cyw43_ll.c.o
                0x1000ebb4                cyw43_ll_process_packets
 .text.cyw43_ll_ioctl
                0x1000ec08       0x80 CMakeFiles/photoresistor.dir/home/anton/pico/pico-sdk/lib/cyw43-driver/src/cyw43_ll.c.o
                0x1000ec08                cyw43_ll_ioctl
 .text.cyw43_ll_bus_sleep
                0x1000ec88       0x34 CMakeFiles/photoresistor.dir/home/anton/pico/pico-sdk/lib/cyw43-driver/src/cyw43_ll.c.o
                0x1000ec88                cyw43_ll_bus_sleep
 .text.cyw43_ll_wifi_on
                0x1000ecbc      0x1f8 CMakeFiles/photoresistor.dir/home/anton/pico/pico-sdk/lib/cyw43-driver/src/cyw43_ll.c.o
                0x1000ecbc                cyw43_ll_wifi_on
 .text.cyw43_ll_wifi_get_mac
                0x1000eeb4       0x74 CMakeFiles/photoresistor.dir/home/anton/pico/pico-sdk/lib/cyw43-driver/src/cyw43_ll.c.o
                0x1000eeb4                cyw43_ll_wifi_get_mac
 .text.cyw43_ll_bus_init
                0x1000ef28      0x920 CMakeFiles/photoresistor.dir/home/anton/pico/pico-sdk/lib/cyw43-driver/src/cyw43_ll.c.o
                0x1000ef28                cyw43_ll_bus_init
 .text.cyw43_ll_wifi_pm
                0x1000f848      0x11c CMakeFiles/photoresistor.dir/home/anton/pico/pico-sdk/lib/cyw43-driver/src/cyw43_ll.c.o
                0x1000f848                cyw43_ll_wifi_pm
 .text.cyw43_ll_wifi_join
                0x1000f964      0x4bc CMakeFiles/photoresistor.dir/home/anton/pico/pico-sdk/lib/cyw43-driver/src/cyw43_ll.c.o
                0x1000f964                cyw43_ll_wifi_join
 .text.cyw43_ll_wifi_set_wpa_auth
                0x1000fe20       0x4c CMakeFiles/photoresistor.dir/home/anton/pico/pico-sdk/lib/cyw43-driver/src/cyw43_ll.c.o
                0x1000fe20                cyw43_ll_wifi_set_wpa_auth
 .text.cyw43_ll_wifi_rejoin
                0x1000fe6c       0x58 CMakeFiles/photoresistor.dir/home/anton/pico/pico-sdk/lib/cyw43-driver/src/cyw43_ll.c.o
                0x1000fe6c                cyw43_ll_wifi_rejoin
 .text.cyw43_ll_wifi_ap_init
                0x1000fec4      0x4dc CMakeFiles/photoresistor.dir/home/anton/pico/pico-sdk/lib/cyw43-driver/src/cyw43_ll.c.o
                0x1000fec4                cyw43_ll_wifi_ap_init
 .text.cyw43_ll_wifi_ap_set_up
                0x100103a0       0x74 CMakeFiles/photoresistor.dir/home/anton/pico/pico-sdk/lib/cyw43-driver/src/cyw43_ll.c.o
                0x100103a0                cyw43_ll_wifi_ap_set_up
 .text.cyw43_ll_has_work
                0x10010414       0x14 CMakeFiles/photoresistor.dir/home/anton/pico/pico-sdk/lib/cyw43-driver/src/cyw43_ll.c.o
                0x10010414                cyw43_ll_has_work
 .text.cyw43_netif_init
                0x10010428       0x3c CMakeFiles/photoresistor.dir/home/anton/pico/pico-sdk/lib/cyw43-driver/src/cyw43_lwip.c.o
 .text.cyw43_netif_output
                0x10010464       0x34 CMakeFiles/photoresistor.dir/home/anton/pico/pico-sdk/lib/cyw43-driver/src/cyw43_lwip.c.o
 .text.cyw43_cb_tcpip_init
                0x10010498       0xf0 CMakeFiles/photoresistor.dir/home/anton/pico/pico-sdk/lib/cyw43-driver/src/cyw43_lwip.c.o
                0x10010498                cyw43_cb_tcpip_init
 .text.cyw43_cb_tcpip_deinit
                0x10010588       0x4c CMakeFiles/photoresistor.dir/home/anton/pico/pico-sdk/lib/cyw43-driver/src/cyw43_lwip.c.o
                0x10010588                cyw43_cb_tcpip_deinit
 .text.cyw43_cb_process_ethernet
                0x100105d4       0x6c CMakeFiles/photoresistor.dir/home/anton/pico/pico-sdk/lib/cyw43-driver/src/cyw43_lwip.c.o
                0x100105d4                cyw43_cb_process_ethernet
 .text.cyw43_cb_tcpip_set_link_up
                0x10010640       0x18 CMakeFiles/photoresistor.dir/home/anton/pico/pico-sdk/lib/cyw43-driver/src/cyw43_lwip.c.o
                0x10010640                cyw43_cb_tcpip_set_link_up
 .text.cyw43_cb_tcpip_set_link_down
                0x10010658       0x18 CMakeFiles/photoresistor.dir/home/anton/pico/pico-sdk/lib/cyw43-driver/src/cyw43_lwip.c.o
                0x10010658                cyw43_cb_tcpip_set_link_down
 .text.cyw43_tcpip_link_status
                0x10010670       0x34 CMakeFiles/photoresistor.dir/home/anton/pico/pico-sdk/lib/cyw43-driver/src/cyw43_lwip.c.o
                0x10010670                cyw43_tcpip_link_status
 .text.cyw43_poll_func
                0x100106a4       0xc0 CMakeFiles/photoresistor.dir/home/anton/pico/pico-sdk/lib/cyw43-driver/src/cyw43_ctrl.c.o
 .text.cyw43_init
                0x10010764       0x6c CMakeFiles/photoresistor.dir/home/anton/pico/pico-sdk/lib/cyw43-driver/src/cyw43_ctrl.c.o
                0x10010764                cyw43_init
 .text.cyw43_deinit
                0x100107d0       0x90 CMakeFiles/photoresistor.dir/home/anton/pico/pico-sdk/lib/cyw43-driver/src/cyw43_ctrl.c.o
                0x100107d0                cyw43_deinit
 .text.cyw43_cb_read_host_interrupt_pin
                0x10010860        0xc CMakeFiles/photoresistor.dir/home/anton/pico/pico-sdk/lib/cyw43-driver/src/cyw43_ctrl.c.o
                0x10010860                cyw43_cb_read_host_interrupt_pin
 .text.cyw43_cb_ensure_awake
                0x1001086c        0xc CMakeFiles/photoresistor.dir/home/anton/pico/pico-sdk/lib/cyw43-driver/src/cyw43_ctrl.c.o
                0x1001086c                cyw43_cb_ensure_awake
 .text.cyw43_cb_process_async_event
                0x10010878      0x214 CMakeFiles/photoresistor.dir/home/anton/pico/pico-sdk/lib/cyw43-driver/src/cyw43_ctrl.c.o
                0x10010878                cyw43_cb_process_async_event
 .text.cyw43_send_ethernet
                0x10010a8c       0xc0 CMakeFiles/photoresistor.dir/home/anton/pico/pico-sdk/lib/cyw43-driver/src/cyw43_ctrl.c.o
                0x10010a8c                cyw43_send_ethernet
 .text.cyw43_wifi_get_mac
                0x10010b4c       0x10 CMakeFiles/photoresistor.dir/home/anton/pico/pico-sdk/lib/cyw43-driver/src/cyw43_ctrl.c.o
                0x10010b4c                cyw43_wifi_get_mac
 .text.cyw43_wifi_set_up
                0x10010b5c      0x348 CMakeFiles/photoresistor.dir/home/anton/pico/pico-sdk/lib/cyw43-driver/src/cyw43_ctrl.c.o
                0x10010b5c                cyw43_wifi_set_up
 .text.cyw43_wifi_link_status
                0x10010ea4       0x40 CMakeFiles/photoresistor.dir/home/anton/pico/pico-sdk/lib/cyw43-driver/src/cyw43_ctrl.c.o
                0x10010ea4                cyw43_wifi_link_status
 .text.cyw43_wifi_join
                0x10010ee4       0xf4 CMakeFiles/photoresistor.dir/home/anton/pico/pico-sdk/lib/cyw43-driver/src/cyw43_ctrl.c.o
                0x10010ee4                cyw43_wifi_join
 .text.pio_sm_set_pindirs_with_mask64
                0x10010fd8       0xac CMakeFiles/photoresistor.dir/home/anton/pico/pico-sdk/src/rp2_common/hardware_pio/pio.c.o
                0x10010fd8                pio_sm_set_pindirs_with_mask64
 .text.pio_sm_set_consecutive_pindirs
                0x10011084       0xb4 CMakeFiles/photoresistor.dir/home/anton/pico/pico-sdk/src/rp2_common/hardware_pio/pio.c.o
                0x10011084                pio_sm_set_consecutive_pindirs
 .text.pio_claim_free_sm_and_add_program_for_gpio_range
                0x10011138      0x18c CMakeFiles/photoresistor.dir/home/anton/pico/pico-sdk/src/rp2_common/hardware_pio/pio.c.o
                0x10011138                pio_claim_free_sm_and_add_program_for_gpio_range
 .text.pio_remove_program_and_unclaim_sm
                0x100112c4       0x40 CMakeFiles/photoresistor.dir/home/anton/pico/pico-sdk/src/rp2_common/hardware_pio/pio.c.o
                0x100112c4                pio_remove_program_and_unclaim_sm
 .text.dma_channel_unclaim
                0x10011304       0x14 CMakeFiles/photoresistor.dir/home/anton/pico/pico-sdk/src/rp2_common/hardware_dma/dma.c.o
                0x10011304                dma_channel_unclaim
 .text.dma_claim_unused_channel
                0x10011318       0x24 CMakeFiles/photoresistor.dir/home/anton/pico/pico-sdk/src/rp2_common/hardware_dma/dma.c.o
                0x10011318                dma_claim_unused_channel
 .text.dma_channel_cleanup
                0x1001133c       0x64 CMakeFiles/photoresistor.dir/home/anton/pico/pico-sdk/src/rp2_common/hardware_dma/dma.c.o
                0x1001133c                dma_channel_cleanup
 .text.cyw43_sleep_timeout_reached
                0x100113a0       0x10 CMakeFiles/photoresistor.dir/home/anton/pico/pico-sdk/src/rp2_common/pico_cyw43_driver/cyw43_driver.c.o
 .text.cyw43_irq_init
                0x100113b0       0x28 CMakeFiles/photoresistor.dir/home/anton/pico/pico-sdk/src/rp2_common/pico_cyw43_driver/cyw43_driver.c.o
                0x100113b0                cyw43_irq_init
 .text.cyw43_irq_deinit
                0x100113d8       0x20 CMakeFiles/photoresistor.dir/home/anton/pico/pico-sdk/src/rp2_common/pico_cyw43_driver/cyw43_driver.c.o
                0x100113d8                cyw43_irq_deinit
 .text.cyw43_gpio_irq_handler
                0x100113f8       0x44 CMakeFiles/photoresistor.dir/home/anton/pico/pico-sdk/src/rp2_common/pico_cyw43_driver/cyw43_driver.c.o
 .text.cyw43_do_poll
                0x1001143c       0x70 CMakeFiles/photoresistor.dir/home/anton/pico/pico-sdk/src/rp2_common/pico_cyw43_driver/cyw43_driver.c.o
 .text.cyw43_post_poll_hook
                0x100114ac       0x10 CMakeFiles/photoresistor.dir/home/anton/pico/pico-sdk/src/rp2_common/pico_cyw43_driver/cyw43_driver.c.o
                0x100114ac                cyw43_post_poll_hook
 .text.cyw43_schedule_internal_poll_dispatch
                0x100114bc       0x18 CMakeFiles/photoresistor.dir/home/anton/pico/pico-sdk/src/rp2_common/pico_cyw43_driver/cyw43_driver.c.o
                0x100114bc                cyw43_schedule_internal_poll_dispatch
 .text.cyw43_driver_init
                0x100114d4       0x38 CMakeFiles/photoresistor.dir/home/anton/pico/pico-sdk/src/rp2_common/pico_cyw43_driver/cyw43_driver.c.o
                0x100114d4                cyw43_driver_init
 .text.cyw43_driver_deinit
                0x1001150c       0x44 CMakeFiles/photoresistor.dir/home/anton/pico/pico-sdk/src/rp2_common/pico_cyw43_driver/cyw43_driver.c.o
                0x1001150c                cyw43_driver_deinit
 .text.cyw43_hal_generate_laa_mac
                0x10011550       0x28 CMakeFiles/photoresistor.dir/home/anton/pico/pico-sdk/src/rp2_common/pico_cyw43_driver/cyw43_driver.c.o
                0x10011550                cyw43_hal_generate_laa_mac
 .text.cyw43_hal_get_mac
                0x10011578       0x14 CMakeFiles/photoresistor.dir/home/anton/pico/pico-sdk/src/rp2_common/pico_cyw43_driver/cyw43_driver.c.o
                0x10011578                cyw43_hal_get_mac
 .text.cyw43_thread_enter
                0x1001158c       0x14 CMakeFiles/photoresistor.dir/home/anton/pico/pico-sdk/src/rp2_common/pico_cyw43_driver/cyw43_driver.c.o
                0x1001158c                cyw43_thread_enter
 .text.cyw43_thread_exit
                0x100115a0       0x14 CMakeFiles/photoresistor.dir/home/anton/pico/pico-sdk/src/rp2_common/pico_cyw43_driver/cyw43_driver.c.o
                0x100115a0                cyw43_thread_exit
 .text.cyw43_await_background_or_timeout_us
                0x100115b4       0x64 CMakeFiles/photoresistor.dir/home/anton/pico/pico-sdk/src/rp2_common/pico_cyw43_driver/cyw43_driver.c.o
                0x100115b4                cyw43_await_background_or_timeout_us
 .text.cyw43_delay_ms
                0x10011618       0x48 CMakeFiles/photoresistor.dir/home/anton/pico/pico-sdk/src/rp2_common/pico_cyw43_driver/cyw43_driver.c.o
                0x10011618                cyw43_delay_ms
 .text.cyw43_delay_us
                0x10011660       0x34 CMakeFiles/photoresistor.dir/home/anton/pico/pico-sdk/src/rp2_common/pico_cyw43_driver/cyw43_driver.c.o
                0x10011660                cyw43_delay_us
 .text.async_context_threadsafe_background_acquire_lock_blocking
                0x10011694        0xc CMakeFiles/photoresistor.dir/home/anton/pico/pico-sdk/src/rp2_common/pico_async_context/async_context_threadsafe_background.c.o
 .text.alarm_handler
                0x100116a0       0x20 CMakeFiles/photoresistor.dir/home/anton/pico/pico-sdk/src/rp2_common/pico_async_context/async_context_threadsafe_background.c.o
 .text.async_context_threadsafe_background_set_work_pending
                0x100116c0       0x1c CMakeFiles/photoresistor.dir/home/anton/pico/pico-sdk/src/rp2_common/pico_async_context/async_context_threadsafe_background.c.o
 .text.process_under_lock
                0x100116dc       0xcc CMakeFiles/photoresistor.dir/home/anton/pico/pico-sdk/src/rp2_common/pico_async_context/async_context_threadsafe_background.c.o
 .text.async_context_threadsafe_background_execute_sync
                0x100117a8       0x30 CMakeFiles/photoresistor.dir/home/anton/pico/pico-sdk/src/rp2_common/pico_async_context/async_context_threadsafe_background.c.o
                0x100117a8                async_context_threadsafe_background_execute_sync
 .text.async_context_threadsafe_background_deinit
                0x100117d8       0x54 CMakeFiles/photoresistor.dir/home/anton/pico/pico-sdk/src/rp2_common/pico_async_context/async_context_threadsafe_background.c.o
 .text.low_priority_irq_handler
                0x1001182c       0x3c CMakeFiles/photoresistor.dir/home/anton/pico/pico-sdk/src/rp2_common/pico_async_context/async_context_threadsafe_background.c.o
 .text.async_context_threadsafe_background_wait_for_work_until
                0x10011868        0xc CMakeFiles/photoresistor.dir/home/anton/pico/pico-sdk/src/rp2_common/pico_async_context/async_context_threadsafe_background.c.o
 .text.async_context_threadsafe_background_wait_until
                0x10011874       0x1c CMakeFiles/photoresistor.dir/home/anton/pico/pico-sdk/src/rp2_common/pico_async_context/async_context_threadsafe_background.c.o
 .text.async_context_threadsafe_background_lock_check
                0x10011890       0x28 CMakeFiles/photoresistor.dir/home/anton/pico/pico-sdk/src/rp2_common/pico_async_context/async_context_threadsafe_background.c.o
 .text.async_context_threadsafe_background_release_lock
                0x100118b8       0x1c CMakeFiles/photoresistor.dir/home/anton/pico/pico-sdk/src/rp2_common/pico_async_context/async_context_threadsafe_background.c.o
 .text.async_context_threadsafe_background_add_at_time_worker
                0x100118d4       0x34 CMakeFiles/photoresistor.dir/home/anton/pico/pico-sdk/src/rp2_common/pico_async_context/async_context_threadsafe_background.c.o
 .text.async_context_threadsafe_background_remove_at_time_worker
                0x10011908       0x34 CMakeFiles/photoresistor.dir/home/anton/pico/pico-sdk/src/rp2_common/pico_async_context/async_context_threadsafe_background.c.o
 .text.async_context_threadsafe_background_add_when_pending_worker
                0x1001193c       0x34 CMakeFiles/photoresistor.dir/home/anton/pico/pico-sdk/src/rp2_common/pico_async_context/async_context_threadsafe_background.c.o
 .text.async_context_threadsafe_background_when_pending_worker
                0x10011970       0x34 CMakeFiles/photoresistor.dir/home/anton/pico/pico-sdk/src/rp2_common/pico_async_context/async_context_threadsafe_background.c.o
 .text.async_context_threadsafe_background_default_config
                0x100119a4        0xc CMakeFiles/photoresistor.dir/home/anton/pico/pico-sdk/src/rp2_common/pico_async_context/async_context_threadsafe_background.c.o
                0x100119a4                async_context_threadsafe_background_default_config
 .text.async_context_threadsafe_background_init
                0x100119b0       0x8c CMakeFiles/photoresistor.dir/home/anton/pico/pico-sdk/src/rp2_common/pico_async_context/async_context_threadsafe_background.c.o
                0x100119b0                async_context_threadsafe_background_init
 .text.first_per_core_initializer
                0x10011a3c        0x4 CMakeFiles/photoresistor.dir/home/anton/pico/pico-sdk/src/rp2_common/pico_runtime/runtime.c.o
 .text.hard_assertion_failure
                0x10011a40        0xc CMakeFiles/photoresistor.dir/home/anton/pico/pico-sdk/src/rp2_common/pico_runtime/runtime.c.o
                0x10011a40                hard_assertion_failure
 .text.runtime_run_initializers
                0x10011a4c       0x28 CMakeFiles/photoresistor.dir/home/anton/pico/pico-sdk/src/rp2_common/pico_runtime/runtime.c.o
                0x10011a4c                runtime_run_initializers
 .text.runtime_init_early_resets
                0x10011a74       0x2c CMakeFiles/photoresistor.dir/home/anton/pico/pico-sdk/src/rp2_common/pico_runtime_init/runtime_init.c.o
                0x10011a74                runtime_init_early_resets
 .text.runtime_init_usb_power_down
                0x10011aa0       0x1c CMakeFiles/photoresistor.dir/home/anton/pico/pico-sdk/src/rp2_common/pico_runtime_init/runtime_init.c.o
                0x10011aa0                runtime_init_usb_power_down
 .text.runtime_init_post_clock_resets
                0x10011abc       0x20 CMakeFiles/photoresistor.dir/home/anton/pico/pico-sdk/src/rp2_common/pico_runtime_init/runtime_init.c.o
                0x10011abc                runtime_init_post_clock_resets
 .text.runtime_init_rp2040_gpio_ie_disable
                0x10011adc       0x14 CMakeFiles/photoresistor.dir/home/anton/pico/pico-sdk/src/rp2_common/pico_runtime_init/runtime_init.c.o
                0x10011adc                runtime_init_rp2040_gpio_ie_disable
 .text.runtime_init_spin_locks_reset
                0x10011af0        0x8 CMakeFiles/photoresistor.dir/home/anton/pico/pico-sdk/src/rp2_common/pico_runtime_init/runtime_init.c.o
                0x10011af0                runtime_init_spin_locks_reset
 .text.runtime_init_install_ram_vector_table
                0x10011af8       0x1c CMakeFiles/photoresistor.dir/home/anton/pico/pico-sdk/src/rp2_common/pico_runtime_init/runtime_init.c.o
                0x10011af8                runtime_init_install_ram_vector_table
 .text.runtime_init_clocks
                0x10011b14       0xd8 CMakeFiles/photoresistor.dir/home/anton/pico/pico-sdk/src/rp2_common/pico_runtime_init/runtime_init_clocks.c.o
                0x10011b14                runtime_init_clocks
 .text          0x10011bec       0x10 CMakeFiles/photoresistor.dir/home/anton/pico/pico-sdk/src/rp2_common/pico_bit_ops/bit_ops_aeabi.S.o
 .text.ctzsi    0x10011bfc        0xc CMakeFiles/photoresistor.dir/home/anton/pico/pico-sdk/src/rp2_common/pico_bit_ops/bit_ops_aeabi.S.o
                0x10011bfc                __wrap___ctzsi2
 .text.__wrap___aeabi_idiv
                0x10011c08       0x50 CMakeFiles/photoresistor.dir/home/anton/pico/pico-sdk/src/rp2_common/pico_divider/divider_hardware.S.o
                0x10011c08                __wrap___aeabi_idivmod
                0x10011c08                divmod_s32s32
                0x10011c08                div_s32s32
                0x10011c08                __wrap___aeabi_idiv
                0x10011c10                divmod_s32s32_unsafe
                0x10011c3c                divmod_s32s32_savestate
 .text.__wrap___aeabi_uidiv
                0x10011c58       0x4c CMakeFiles/photoresistor.dir/home/anton/pico/pico-sdk/src/rp2_common/pico_divider/divider_hardware.S.o
                0x10011c58                __wrap___aeabi_uidiv
                0x10011c58                __wrap___aeabi_uidivmod
                0x10011c58                div_u32u32
                0x10011c58                divmod_u32u32
                0x10011c60                divmod_u32u32_unsafe
                0x10011c88                divmod_u32u32_savestate
 .text.__wrap___aeabi_ldiv
                0x10011ca4      0x424 CMakeFiles/photoresistor.dir/home/anton/pico/pico-sdk/src/rp2_common/pico_divider/divider_hardware.S.o
                0x10011ca4                div_s64s64
                0x10011ca4                divmod_s64s64
                0x10011ca4                __wrap___aeabi_ldivmod
                0x10011cd4                div_u64u64
                0x10011cd4                divmod_u64u64
                0x10011cd4                __wrap___aeabi_uldivmod
                0x10011ce4                divmod_u64u64_savestate
                0x10011d04                divmod_s64s64_unsafe
                0x10011d8c                divmod_u64u64_unsafe
 .text.__wrap___aeabi_darithmetic
                0x100120c8       0x60 CMakeFiles/photoresistor.dir/home/anton/pico/pico-sdk/src/rp2_common/pico_double/double_aeabi_rp2040.S.o
                0x100120c8                __wrap___aeabi_drsub
                0x100120ce                __wrap___aeabi_dsub
                0x100120d8                __wrap___aeabi_dadd
                0x100120e2                __wrap___aeabi_ddiv
                0x10012116                __wrap___aeabi_dmul
 .text.__wrap___aeabi_cdcmple
                0x10012128       0x6c CMakeFiles/photoresistor.dir/home/anton/pico/pico-sdk/src/rp2_common/pico_double/double_aeabi_rp2040.S.o
                0x10012128                __wrap___aeabi_cdrcmple
                0x10012138                __wrap___aeabi_cdcmple
                0x10012138                __wrap___aeabi_cdcmpeq
 .text.__wrap___aeabi_dcmplt
                0x10012194        0xc CMakeFiles/photoresistor.dir/home/anton/pico/pico-sdk/src/rp2_common/pico_double/double_aeabi_rp2040.S.o
                0x10012194                __wrap___aeabi_dcmplt
 .text.__wrap___aeabi_dcmpge
                0x100121a0       0x10 CMakeFiles/photoresistor.dir/home/anton/pico/pico-sdk/src/rp2_common/pico_double/double_aeabi_rp2040.S.o
                0x100121a0                __wrap___aeabi_dcmpge
 .text.__wrap___aeabi_dcmpgt
                0x100121b0        0xa CMakeFiles/photoresistor.dir/home/anton/pico/pico-sdk/src/rp2_common/pico_double/double_aeabi_rp2040.S.o
                0x100121b0                __wrap___aeabi_dcmpgt
 .text.__wrap___aeabi_dcmpun
                0x100121ba       0x18 CMakeFiles/photoresistor.dir/home/anton/pico/pico-sdk/src/rp2_common/pico_double/double_aeabi_rp2040.S.o
                0x100121ba                __wrap___aeabi_dcmpun
 *fill*         0x100121d2        0x2 
 .text.__wrap___aeabi_i2d
                0x100121d4       0x38 CMakeFiles/photoresistor.dir/home/anton/pico/pico-sdk/src/rp2_common/pico_double/double_aeabi_rp2040.S.o
                0x100121d4                __wrap___aeabi_ui2d
                0x100121dc                __wrap___aeabi_i2d
 .text.__wrap___aeabi_d2iz
                0x1001220c       0x48 CMakeFiles/photoresistor.dir/home/anton/pico/pico-sdk/src/rp2_common/pico_double/double_aeabi_rp2040.S.o
                0x1001220c                __wrap___aeabi_d2iz
                0x1001220c                double2int_z
 .text.__wrap___aeabi_d2uiz
                0x10012254       0x10 CMakeFiles/photoresistor.dir/home/anton/pico/pico-sdk/src/rp2_common/pico_double/double_aeabi_rp2040.S.o
                0x10012254                double2uint
                0x10012254                __wrap___aeabi_d2uiz
 .text.missing_double_func_shim
                0x10012264        0xc CMakeFiles/photoresistor.dir/home/anton/pico/pico-sdk/src/rp2_common/pico_double/double_init_rom_rp2040.c.o
 .text.__aeabi_double_init
                0x10012270       0xa0 CMakeFiles/photoresistor.dir/home/anton/pico/pico-sdk/src/rp2_common/pico_double/double_init_rom_rp2040.c.o
                0x10012270                __aeabi_double_init
 .text.double_table_shim_on_use_helper
                0x10012310       0x2c CMakeFiles/photoresistor.dir/home/anton/pico/pico-sdk/src/rp2_common/pico_double/double_v1_rom_shim_rp2040.S.o
                0x10012310                double_table_shim_on_use_helper
 .text.__aeabi_lmul
                0x1001233c       0x32 CMakeFiles/photoresistor.dir/home/anton/pico/pico-sdk/src/rp2_common/pico_int64_ops/pico_int64_ops_aeabi.S.o
                0x1001233c                __wrap___aeabi_lmul
 *fill*         0x1001236e        0x2 
 .text.missing_float_func_shim
                0x10012370        0xc CMakeFiles/photoresistor.dir/home/anton/pico/pico-sdk/src/rp2_common/pico_float/float_init_rom_rp2040.c.o
 .text.__aeabi_float_init
                0x1001237c       0x5c CMakeFiles/photoresistor.dir/home/anton/pico/pico-sdk/src/rp2_common/pico_float/float_init_rom_rp2040.c.o
                0x1001237c                __aeabi_float_init
 .text          0x100123d8       0x10 CMakeFiles/photoresistor.dir/home/anton/pico/pico-sdk/src/rp2_common/pico_mem_ops/mem_ops_aeabi.S.o
                0x100123d8                __aeabi_mem_init
 .text.memset   0x100123e8        0xc CMakeFiles/photoresistor.dir/home/anton/pico/pico-sdk/src/rp2_common/pico_mem_ops/mem_ops_aeabi.S.o
                0x100123e8                __wrap_memset
 .text.memcpy   0x100123f4        0xc CMakeFiles/photoresistor.dir/home/anton/pico/pico-sdk/src/rp2_common/pico_mem_ops/mem_ops_aeabi.S.o
                0x100123f4                __wrap___aeabi_memcpy
                0x100123f4                __wrap_memcpy
 .text._out_buffer
                0x10012400        0x8 CMakeFiles/photoresistor.dir/home/anton/pico/pico-sdk/src/rp2_common/pico_printf/printf.c.o
 .text._out_null
                0x10012408        0x4 CMakeFiles/photoresistor.dir/home/anton/pico/pico-sdk/src/rp2_common/pico_printf/printf.c.o
 .text._out_rev
                0x1001240c       0xac CMakeFiles/photoresistor.dir/home/anton/pico/pico-sdk/src/rp2_common/pico_printf/printf.c.o
 .text._ntoa_format
                0x100124b8      0x250 CMakeFiles/photoresistor.dir/home/anton/pico/pico-sdk/src/rp2_common/pico_printf/printf.c.o
 .text._out_char
                0x10012708       0x10 CMakeFiles/photoresistor.dir/home/anton/pico/pico-sdk/src/rp2_common/pico_printf/printf.c.o
 .text._out_fct
                0x10012718       0x10 CMakeFiles/photoresistor.dir/home/anton/pico/pico-sdk/src/rp2_common/pico_printf/printf.c.o
 .text._etoa    0x10012728      0x464 CMakeFiles/photoresistor.dir/home/anton/pico/pico-sdk/src/rp2_common/pico_printf/printf.c.o
 .text._ftoa    0x10012b8c      0x3c0 CMakeFiles/photoresistor.dir/home/anton/pico/pico-sdk/src/rp2_common/pico_printf/printf.c.o
 .text._vsnprintf
                0x10012f4c      0xbc8 CMakeFiles/photoresistor.dir/home/anton/pico/pico-sdk/src/rp2_common/pico_printf/printf.c.o
 .text.__wrap_snprintf
                0x10013b14       0x28 CMakeFiles/photoresistor.dir/home/anton/pico/pico-sdk/src/rp2_common/pico_printf/printf.c.o
                0x10013b14                __wrap_snprintf
 .text.vfctprintf
                0x10013b3c       0x20 CMakeFiles/photoresistor.dir/home/anton/pico/pico-sdk/src/rp2_common/pico_printf/printf.c.o
                0x10013b3c                vfctprintf
 .text.weak_raw_vprintf
                0x10013b5c       0x30 CMakeFiles/photoresistor.dir/home/anton/pico/pico-sdk/src/rp2_common/pico_printf/printf.c.o
                0x10013b5c                weak_raw_vprintf
 .text._exit    0x10013b8c        0x4 CMakeFiles/photoresistor.dir/home/anton/pico/pico-sdk/src/rp2_common/pico_clib_interface/newlib_interface.c.o
                0x10013b8c                _exit
 .text.exit     0x10013b90        0x8 CMakeFiles/photoresistor.dir/home/anton/pico/pico-sdk/src/rp2_common/pico_clib_interface/newlib_interface.c.o
                0x10013b90                exit
 .text.runtime_init
                0x10013b98       0x2c CMakeFiles/photoresistor.dir/home/anton/pico/pico-sdk/src/rp2_common/pico_clib_interface/newlib_interface.c.o
                0x10013b98                runtime_init
 .text.stdio_out_chars_no_crlf
                0x10013bc4       0x10 CMakeFiles/photoresistor.dir/home/anton/pico/pico-sdk/src/rp2_common/pico_stdio/stdio.c.o
 .text.stdio_out_chars_crlf
                0x10013bd4       0x94 CMakeFiles/photoresistor.dir/home/anton/pico/pico-sdk/src/rp2_common/pico_stdio/stdio.c.o
 .text.stdio_buffered_printer
                0x10013c68       0x64 CMakeFiles/photoresistor.dir/home/anton/pico/pico-sdk/src/rp2_common/pico_stdio/stdio.c.o
 .text.stdio_put_string
                0x10013ccc      0x100 CMakeFiles/photoresistor.dir/home/anton/pico/pico-sdk/src/rp2_common/pico_stdio/stdio.c.o
                0x10013ccc                stdio_put_string
 .text.stdio_set_driver_enabled
                0x10013dcc       0x30 CMakeFiles/photoresistor.dir/home/anton/pico/pico-sdk/src/rp2_common/pico_stdio/stdio.c.o
                0x10013dcc                stdio_set_driver_enabled
 .text.stdio_init_all
                0x10013dfc        0x8 CMakeFiles/photoresistor.dir/home/anton/pico/pico-sdk/src/rp2_common/pico_stdio/stdio.c.o
                0x10013dfc                stdio_init_all
 .text.__wrap_putchar
                0x10013e04       0x98 CMakeFiles/photoresistor.dir/home/anton/pico/pico-sdk/src/rp2_common/pico_stdio/stdio.c.o
                0x10013e04                stdio_putchar
                0x10013e04                __wrap_putchar
 .text.__wrap_puts
                0x10013e9c       0x3c CMakeFiles/photoresistor.dir/home/anton/pico/pico-sdk/src/rp2_common/pico_stdio/stdio.c.o
                0x10013e9c                __wrap_puts
                0x10013e9c                stdio_puts
 .text.__wrap_vprintf
                0x10013ed8       0xd4 CMakeFiles/photoresistor.dir/home/anton/pico/pico-sdk/src/rp2_common/pico_stdio/stdio.c.o
                0x10013ed8                __wrap_vprintf
                0x10013ed8                stdio_vprintf
 .text.__wrap_printf
                0x10013fac       0x18 CMakeFiles/photoresistor.dir/home/anton/pico/pico-sdk/src/rp2_common/pico_stdio/stdio.c.o
                0x10013fac                stdio_printf
                0x10013fac                __wrap_printf
 .text.resetd_init
                0x10013fc4        0x4 CMakeFiles/photoresistor.dir/home/anton/pico/pico-sdk/src/rp2_common/pico_stdio_usb/reset_interface.c.o
 .text.resetd_reset
                0x10013fc8        0xc CMakeFiles/photoresistor.dir/home/anton/pico/pico-sdk/src/rp2_common/pico_stdio_usb/reset_interface.c.o
 .text.resetd_open
                0x10013fd4       0x28 CMakeFiles/photoresistor.dir/home/anton/pico/pico-sdk/src/rp2_common/pico_stdio_usb/reset_interface.c.o
 .text.resetd_xfer_cb
                0x10013ffc        0x4 CMakeFiles/photoresistor.dir/home/anton/pico/pico-sdk/src/rp2_common/pico_stdio_usb/reset_interface.c.o
 .text.resetd_control_xfer_cb
                0x10014000       0x5c CMakeFiles/photoresistor.dir/home/anton/pico/pico-sdk/src/rp2_common/pico_stdio_usb/reset_interface.c.o
 .text.tud_descriptor_bos_cb
                0x1001405c        0x8 CMakeFiles/photoresistor.dir/home/anton/pico/pico-sdk/src/rp2_common/pico_stdio_usb/reset_interface.c.o
                0x1001405c                tud_descriptor_bos_cb
 .text.tud_vendor_control_xfer_cb
                0x10014064       0x34 CMakeFiles/photoresistor.dir/home/anton/pico/pico-sdk/src/rp2_common/pico_stdio_usb/reset_interface.c.o
                0x10014064                tud_vendor_control_xfer_cb
 .text.usbd_app_driver_get_cb
                0x10014098        0xc CMakeFiles/photoresistor.dir/home/anton/pico/pico-sdk/src/rp2_common/pico_stdio_usb/reset_interface.c.o
                0x10014098                usbd_app_driver_get_cb
 .text.tud_cdc_line_coding_cb
                0x100140a4       0x2c CMakeFiles/photoresistor.dir/home/anton/pico/pico-sdk/src/rp2_common/pico_stdio_usb/reset_interface.c.o
                0x100140a4                tud_cdc_line_coding_cb
 .text.stdio_usb_set_chars_available_callback
                0x100140d0       0x14 CMakeFiles/photoresistor.dir/home/anton/pico/pico-sdk/src/rp2_common/pico_stdio_usb/stdio_usb.c.o
                0x100140d0                stdio_usb_set_chars_available_callback
 .text.usb_irq  0x100140e4       0x10 CMakeFiles/photoresistor.dir/home/anton/pico/pico-sdk/src/rp2_common/pico_stdio_usb/stdio_usb.c.o
 .text.timer_task